Archive member included because of file (symbol)

c:/tdm-gcc-32/bin/../lib/gcc/mingw32/4.8.1/libgcc.a(__main.o)
                              c:/tdm-gcc-32/bin/../lib/gcc/mingw32/4.8.1/../../../crt2.o (__main)
c:/tdm-gcc-32/bin/../lib/gcc/mingw32/4.8.1/libgcc.a(_ctors.o)
                              c:/tdm-gcc-32/bin/../lib/gcc/mingw32/4.8.1/libgcc.a(__main.o) (__DTOR_LIST__)
c:/tdm-gcc-32/bin/../lib/gcc/mingw32/4.8.1\libstdc++.a(eh_personality.o)
                              ../src/VirtualMachine/sim.o (__gxx_personality_sj0)
c:/tdm-gcc-32/bin/../lib/gcc/mingw32/4.8.1\libstdc++.a(eh_exception.o)
                              c:/tdm-gcc-32/bin/../lib/gcc/mingw32/4.8.1\libstdc++.a(eh_personality.o) (std::bad_exception::~bad_exception())
c:/tdm-gcc-32/bin/../lib/gcc/mingw32/4.8.1\libstdc++.a(class_type_info.o)
                              c:/tdm-gcc-32/bin/../lib/gcc/mingw32/4.8.1\libstdc++.a(eh_personality.o) (vtable for __cxxabiv1::__class_type_info)
c:/tdm-gcc-32/bin/../lib/gcc/mingw32/4.8.1\libstdc++.a(si_class_type_info.o)
                              c:/tdm-gcc-32/bin/../lib/gcc/mingw32/4.8.1\libstdc++.a(eh_personality.o) (vtable for __cxxabiv1::__si_class_type_info)
c:/tdm-gcc-32/bin/../lib/gcc/mingw32/4.8.1\libstdc++.a(eh_call.o)
                              c:/tdm-gcc-32/bin/../lib/gcc/mingw32/4.8.1\libstdc++.a(eh_personality.o) (__cxa_call_terminate)
c:/tdm-gcc-32/bin/../lib/gcc/mingw32/4.8.1\libstdc++.a(eh_terminate.o)
                              c:/tdm-gcc-32/bin/../lib/gcc/mingw32/4.8.1\libstdc++.a(eh_personality.o) (__cxxabiv1::__terminate(void (*)()))
c:/tdm-gcc-32/bin/../lib/gcc/mingw32/4.8.1\libstdc++.a(eh_catch.o)
                              c:/tdm-gcc-32/bin/../lib/gcc/mingw32/4.8.1\libstdc++.a(eh_personality.o) (__cxa_begin_catch)
c:/tdm-gcc-32/bin/../lib/gcc/mingw32/4.8.1\libstdc++.a(eh_globals.o)
                              c:/tdm-gcc-32/bin/../lib/gcc/mingw32/4.8.1\libstdc++.a(eh_personality.o) (__cxa_get_globals_fast)
c:/tdm-gcc-32/bin/../lib/gcc/mingw32/4.8.1\libstdc++.a(eh_throw.o)
                              c:/tdm-gcc-32/bin/../lib/gcc/mingw32/4.8.1\libstdc++.a(eh_personality.o) (__cxa_throw)
c:/tdm-gcc-32/bin/../lib/gcc/mingw32/4.8.1\libstdc++.a(eh_alloc.o)
                              c:/tdm-gcc-32/bin/../lib/gcc/mingw32/4.8.1\libstdc++.a(eh_throw.o) (__cxa_free_exception)
c:/tdm-gcc-32/bin/../lib/gcc/mingw32/4.8.1\libstdc++.a(del_op.o)
                              c:/tdm-gcc-32/bin/../lib/gcc/mingw32/4.8.1\libstdc++.a(eh_exception.o) (operator delete(void*))
c:/tdm-gcc-32/bin/../lib/gcc/mingw32/4.8.1\libstdc++.a(pure.o)
                              c:/tdm-gcc-32/bin/../lib/gcc/mingw32/4.8.1\libstdc++.a(eh_exception.o) (__cxa_pure_virtual)
c:/tdm-gcc-32/bin/../lib/gcc/mingw32/4.8.1\libstdc++.a(tinfo.o)
                              c:/tdm-gcc-32/bin/../lib/gcc/mingw32/4.8.1\libstdc++.a(class_type_info.o) (std::type_info::~type_info())
c:/tdm-gcc-32/bin/../lib/gcc/mingw32/4.8.1\libstdc++.a(eh_term_handler.o)
                              c:/tdm-gcc-32/bin/../lib/gcc/mingw32/4.8.1\libstdc++.a(eh_terminate.o) (__cxxabiv1::__shmem_grabber___terminate_handler_sh())
c:/tdm-gcc-32/bin/../lib/gcc/mingw32/4.8.1\libstdc++.a(eh_unex_handler.o)
                              c:/tdm-gcc-32/bin/../lib/gcc/mingw32/4.8.1\libstdc++.a(eh_terminate.o) (__cxxabiv1::__shmem_grabber___unexpected_handler_sh())
c:/tdm-gcc-32/bin/../lib/gcc/mingw32/4.8.1\libstdc++.a(vterminate.o)
                              c:/tdm-gcc-32/bin/../lib/gcc/mingw32/4.8.1\libstdc++.a(eh_term_handler.o) (__gnu_cxx::__verbose_terminate_handler())
c:/tdm-gcc-32/bin/../lib/gcc/mingw32/4.8.1\libstdc++.a(eh_type.o)
                              c:/tdm-gcc-32/bin/../lib/gcc/mingw32/4.8.1\libstdc++.a(vterminate.o) (__cxa_current_exception_type)
c:/tdm-gcc-32/bin/../lib/gcc/mingw32/4.8.1\libstdc++.a(cp-demangle.o)
                              c:/tdm-gcc-32/bin/../lib/gcc/mingw32/4.8.1\libstdc++.a(vterminate.o) (__cxa_demangle)
c:/tdm-gcc-32/bin/../lib/gcc/mingw32/4.8.1/../../../libmingw32.a(tlssup.o)
                              c:/tdm-gcc-32/bin/../lib/gcc/mingw32/4.8.1/../../../crt2.o (__dyn_tls_init_callback)
c:/tdm-gcc-32/bin/../lib/gcc/mingw32/4.8.1/../../../libmingw32.a(CRTglob.o)
                              c:/tdm-gcc-32/bin/../lib/gcc/mingw32/4.8.1/../../../crt2.o (_CRT_glob)
c:/tdm-gcc-32/bin/../lib/gcc/mingw32/4.8.1/../../../libmingw32.a(CRTfmode.o)
                              c:/tdm-gcc-32/bin/../lib/gcc/mingw32/4.8.1/../../../crt2.o (_CRT_fmode)
c:/tdm-gcc-32/bin/../lib/gcc/mingw32/4.8.1/../../../libmingw32.a(txtmode.o)
                              c:/tdm-gcc-32/bin/../lib/gcc/mingw32/4.8.1/../../../crt2.o (_fmode)
c:/tdm-gcc-32/bin/../lib/gcc/mingw32/4.8.1/../../../libmingw32.a(cpu_features.o)
                              c:/tdm-gcc-32/bin/../lib/gcc/mingw32/4.8.1/../../../crt2.o (__cpu_features_init)
c:/tdm-gcc-32/bin/../lib/gcc/mingw32/4.8.1/../../../libmingw32.a(CRT_fp10.o)
[...]
Memory Configuration

Name             Origin             Length             Attributes
*default*        0x00000000         0xffffffff

Linker script and memory map

                0x00400000                __image_base__ = 0x400000
                0x00000000                __dll__ = 0x0
                0x00400000                ___ImageBase = 0x400000
                0x00001000                __section_alignment__ = 0x1000
                0x00000200                __file_alignment__ = 0x200
                0x00000004                __major_os_version__ = 0x4
                0x00000000                __minor_os_version__ = 0x0
                0x00000001                __major_image_version__ = 0x1
                0x00000000                __minor_image_version__ = 0x0
                0x00000004                __major_subsystem_version__ = 0x4
                0x00000000                __minor_subsystem_version__ = 0x0
                0x00000003                __subsystem__ = 0x3
                0x00200000                __size_of_stack_reserve__ = 0x200000
                0x00001000                __size_of_stack_commit__ = 0x1000
                0x00100000                __size_of_heap_reserve__ = 0x100000
                0x00001000                __size_of_heap_commit__ = 0x1000
                0x00000000                __loader_flags__ = 0x0
                0x00000000                __dll_characteristics__ = 0x0
LOAD c:/tdm-gcc-32/bin/../lib/gcc/mingw32/4.8.1/../../../crt2.o
LOAD c:/tdm-gcc-32/bin/../lib/gcc/mingw32/4.8.1/crtbegin.o
LOAD c:/tdm-gcc-32/bin/../lib/gcc/mingw32/4.8.1/../../../libm.a
LOAD c:/tdm-gcc-32/bin/../lib/gcc/mingw32/4.8.1/libgcc.a
LOAD c:/tdm-gcc-32/bin/../lib/gcc/mingw32/4.8.1/libstdc++.dll.a
LOAD ../src/utils/plc_emu/parser.o
LOAD ../src/utils/plc_emu/plclib.o
LOAD ../src/VirtualMachine/sim.o
LOAD c:/tdm-gcc-32/bin/../lib/gcc/mingw32/4.8.1\libstdc++.a
LOAD c:/tdm-gcc-32/bin/../lib/gcc/mingw32/4.8.1/../../../libmingw32.a
LOAD c:/tdm-gcc-32/bin/../lib/gcc/mingw32/4.8.1/libgcc.a
LOAD c:/tdm-gcc-32/bin/../lib/gcc/mingw32/4.8.1/../../../libmoldname.a
LOAD c:/tdm-gcc-32/bin/../lib/gcc/mingw32/4.8.1/../../../libmingwex.a
LOAD c:/tdm-gcc-32/bin/../lib/gcc/mingw32/4.8.1/../../../libmsvcrt.a
LOAD c:/tdm-gcc-32/bin/../lib/gcc/mingw32/4.8.1/../../../libpthread.a
LOAD c:/tdm-gcc-32/bin/../lib/gcc/mingw32/4.8.1/../../../libadvapi32.a
LOAD c:/tdm-gcc-32/bin/../lib/gcc/mingw32/4.8.1/../../../libshell32.a
LOAD c:/tdm-gcc-32/bin/../lib/gcc/mingw32/4.8.1/../../../libuser32.a
LOAD c:/tdm-gcc-32/bin/../lib/gcc/mingw32/4.8.1/../../../libkernel32.a
LOAD c:/tdm-gcc-32/bin/../lib/gcc/mingw32/4.8.1/../../../libmingw32.a
LOAD c:/tdm-gcc-32/bin/../lib/gcc/mingw32/4.8.1/libgcc.a
LOAD c:/tdm-gcc-32/bin/../lib/gcc/mingw32/4.8.1/../../../libmoldname.a
LOAD c:/tdm-gcc-32/bin/../lib/gcc/mingw32/4.8.1/../../../libmingwex.a
LOAD c:/tdm-gcc-32/bin/../lib/gcc/mingw32/4.8.1/../../../libmsvcrt.a
LOAD c:/tdm-gcc-32/bin/../lib/gcc/mingw32/4.8.1/crtend.o
                0x000003f8                . = SIZEOF_HEADERS
                0x00001000                . = ALIGN (__section_alignment__)

.text           0x00401000    0x15200
 *(.init)
 *(.text)
 .text          0x00401000      0x2e0 c:/tdm-gcc-32/bin/../lib/gcc/mingw32/4.8.1/../../../crt2.o
                0x00401280                mainCRTStartup
                0x004012a0                WinMainCRTStartup
                0x004012c0                atexit
                0x004012d0                _onexit
 .text          0x004012e0       0x60 c:/tdm-gcc-32/bin/../lib/gcc/mingw32/4.8.1/crtbegin.o
                0x004012e0                __gcc_register_frame
                0x00401330                __gcc_deregister_frame
 .text          0x00401340       0xa0 c:/tdm-gcc-32/bin/../lib/gcc/mingw32/4.8.1/libgcc.a(__main.o)
                0x00401340                __do_global_dtors
                0x00401370                __do_global_ctors
                0x004013c0                __main
 .text          0x004013e0        0x0 c:/tdm-gcc-32/bin/../lib/gcc/mingw32/4.8.1/libgcc.a(_ctors.o)
 .text          0x004013e0     0x2208 ../src/utils/plc_emu/parser.o
                0x004013e0                extract_number
                0x00401463                read_char
                0x0040163e                resolve_operand
                0x00401808                resolve_coil
                0x00401952                resolve_set
                0x00401a54                resolve_reset
                0x00401b4e                resolve_lines
                0x004020f7                minmin
                0x0040216b                LD_task
                0x004024f2                IL_task
                0x004025ec                push
                0x00402636                pop
                0x004026a6                parse_il_line
                0x00402b46                instruct
                0x00403455                operate
 .text          0x004035e8      0x9e0 ../src/utils/plc_emu/plclib.o
                0x004035e8                dec_inp
                0x00403765                enc_out
                0x004038ae                read_mvars
                0x00403985                write_mvars
                0x00403aa3                re
                0x00403b32                fe
                0x00403bb9                set
                0x00403c81                reset
                0x00403d7c                contact
                0x00403e64                resolve
                0x00403f70                down_timer
 .text          0x00403fc8      0x3d0 ../src/VirtualMachine/sim.o
                0x00403fc8                main
 *fill*         0x00404398        0x8 
 .text          0x004043a0      0xab0 c:/tdm-gcc-32/bin/../lib/gcc/mingw32/4.8.1\libstdc++.a(eh_personality.o)
                0x00404740                __gxx_personality_sj0
                0x00404cc0                __cxa_call_unexpected
 .text          0x00404e50       0xe0 c:/tdm-gcc-32/bin/../lib/gcc/mingw32/4.8.1\libstdc++.a(eh_exception.o)
                0x00404e50                std::exception::~exception()
                0x00404e50                std::exception::~exception()
                0x00404e60                std::bad_exception::~bad_exception()
                0x00404e60                std::bad_exception::~bad_exception()
                0x00404e70                __cxxabiv1::__forced_unwind::~__forced_unwind()
                0x00404e70                __cxxabiv1::__forced_unwind::~__forced_unwind()
                0x00404e80                __cxxabiv1::__foreign_exception::~__foreign_exception()
                0x00404e80                __cxxabiv1::__foreign_exception::~__foreign_exception()
                0x00404e90                std::exception::what() const
                0x00404ea0                std::bad_exception::what() const
                0x00404eb0                std::exception::~exception()
                0x00404ed0                std::bad_exception::~bad_exception()
                0x00404ef0                __cxxabiv1::__forced_unwind::~__forced_unwind()
                0x00404f10                __cxxabiv1::__foreign_exception::~__foreign_exception()
 .text          0x00404f30      0x1a0 c:/tdm-gcc-32/bin/../lib/gcc/mingw32/4.8.1\libstdc++.a(class_type_info.o)
                0x00404f30                __cxxabiv1::__class_type_info::__do_upcast(__cxxabiv1::__class_type_info const*, void**) const
                0x00404f90                __cxxabiv1::__class_type_info::__do_find_public_src(int, void const*, __cxxabiv1::__class_type_info const*, void const*) const
                0x00404fb0                __cxxabiv1::__class_type_info::~__class_type_info()
                0x00404fb0                __cxxabiv1::__class_type_info::~__class_type_info()
                0x00404fc0                __cxxabiv1::__class_type_info::~__class_type_info()
                0x00404fe0                __cxxabiv1::__class_type_info::__do_upcast(__cxxabiv1::__class_type_info const*, void const*, __cxxabiv1::__class_type_info::__upcast_result&) const
                0x00405020                __cxxabiv1::__class_type_info::__do_catch(std::type_info const*, void**, unsigned int) const
                0x00405070                __cxxabiv1::__class_type_info::__do_dyncast(int, __cxxabiv1::__class_type_info::__sub_kind, __cxxabiv1::__class_type_info const*, void const*, __cxxabiv1::__class_type_info const*, void const*, __cxxabiv1::__class_type_info::__dyncast_result&) const
 .text          0x004050d0      0x1e0 c:/tdm-gcc-32/bin/../lib/gcc/mingw32/4.8.1\libstdc++.a(si_class_type_info.o)
                0x004050d0                __cxxabiv1::__si_class_type_info::~__si_class_type_info()
                0x004050d0                __cxxabiv1::__si_class_type_info::~__si_class_type_info()
                0x004050e0                __cxxabiv1::__si_class_type_info::~__si_class_type_info()
                0x00405100                __cxxabiv1::__si_class_type_info::__do_find_public_src(int, void const*, __cxxabiv1::__class_type_info const*, void const*) const
                0x00405170                __cxxabiv1::__si_class_type_info::__do_dyncast(int, __cxxabiv1::__class_type_info::__sub_kind, __cxxabiv1::__class_type_info const*, void const*, __cxxabiv1::__class_type_info const*, void const*, __cxxabiv1::__class_type_info::__dyncast_result&) const
                0x00405250                __cxxabiv1::__si_class_type_info::__do_upcast(__cxxabiv1::__class_type_info const*, void const*, __cxxabiv1::__class_type_info::__upcast_result&) const
 .text          0x004052b0       0x50 c:/tdm-gcc-32/bin/../lib/gcc/mingw32/4.8.1\libstdc++.a(eh_call.o)
                0x004052b0                __cxa_call_terminate
 .text          0x00405300      0x260 c:/tdm-gcc-32/bin/../lib/gcc/mingw32/4.8.1\libstdc++.a(eh_terminate.o)
                0x00405300                __cxxabiv1::__terminate(void (*)())
                0x00405360                std::terminate()
                0x004053e0                __cxxabiv1::__unexpected(void (*)())
                0x004053f0                std::unexpected()
                0x00405420                std::set_terminate(void (*)())
                0x004054c0                std::set_unexpected(void (*)())
 .text          0x00405560      0x130 c:/tdm-gcc-32/bin/../lib/gcc/mingw32/4.8.1\libstdc++.a(eh_catch.o)
                0x00405560                __cxa_get_exception_ptr
                0x00405570                __cxa_begin_catch
                0x004055e0                __cxa_end_catch
                0x00405670                std::uncaught_exception()
 .text          0x00405690      0x3e0 c:/tdm-gcc-32/bin/../lib/gcc/mingw32/4.8.1\libstdc++.a(eh_globals.o)
                0x004056d0                __shmem_init_init
                0x00405710                __shmem_grabber_eh_globals()
                0x00405740                __shmem_grabber_init()
                0x00405770                __cxa_get_globals_fast
                0x004058b0                __cxa_get_globals
 .text          0x00405a70      0x130 c:/tdm-gcc-32/bin/../lib/gcc/mingw32/4.8.1\libstdc++.a(eh_throw.o)
                0x00405ac0                __cxa_throw
                0x00405b40                __cxa_rethrow
 .text          0x00405ba0      0x470 c:/tdm-gcc-32/bin/../lib/gcc/mingw32/4.8.1\libstdc++.a(eh_alloc.o)
                0x00405ba0                __cxa_allocate_exception
                0x00405ce0                __cxa_free_exception
                0x00405de0                __cxa_allocate_dependent_exception
                0x00405f10                __cxa_free_dependent_exception
 .text          0x00406010       0x20 c:/tdm-gcc-32/bin/../lib/gcc/mingw32/4.8.1\libstdc++.a(del_op.o)
                0x00406010                operator delete(void*)
 .text          0x00406030       0x60 c:/tdm-gcc-32/bin/../lib/gcc/mingw32/4.8.1\libstdc++.a(pure.o)
                0x00406030                __cxa_pure_virtual
                0x00406060                __cxa_deleted_virtual
 .text          0x00406090       0xd0 c:/tdm-gcc-32/bin/../lib/gcc/mingw32/4.8.1\libstdc++.a(tinfo.o)
                0x00406090                std::type_info::~type_info()
                0x00406090                std::type_info::~type_info()
                0x004060a0                std::type_info::__is_pointer_p() const
                0x004060b0                std::type_info::__is_function_p() const
                0x004060c0                std::type_info::__do_upcast(__cxxabiv1::__class_type_info const*, void**) const
                0x004060d0                std::type_info::~type_info()
                0x004060f0                std::type_info::operator==(std::type_info const&) const
                0x00406140                std::type_info::__do_catch(std::type_info const*, void**, unsigned int) const
 .text          0x00406160       0x40 c:/tdm-gcc-32/bin/../lib/gcc/mingw32/4.8.1\libstdc++.a(eh_term_handler.o)
                0x00406160                __shmem_init___terminate_handler_sh
                0x00406170                __cxxabiv1::__shmem_grabber___terminate_handler_sh()
 .text          0x004061a0       0x40 c:/tdm-gcc-32/bin/../lib/gcc/mingw32/4.8.1\libstdc++.a(eh_unex_handler.o)
                0x004061a0                __shmem_init___unexpected_handler_sh
                0x004061b0                __cxxabiv1::__shmem_grabber___unexpected_handler_sh()
 .text          0x004061e0      0x230 c:/tdm-gcc-32/bin/../lib/gcc/mingw32/4.8.1\libstdc++.a(vterminate.o)
                0x004061e0                __gnu_cxx::__verbose_terminate_handler()
 .text          0x00406410       0x30 c:/tdm-gcc-32/bin/../lib/gcc/mingw32/4.8.1\libstdc++.a(eh_type.o)
                0x00406410                __cxa_current_exception_type
 .text          0x00406440     0x7a80 c:/tdm-gcc-32/bin/../lib/gcc/mingw32/4.8.1\libstdc++.a(cp-demangle.o)
                0x0040dd50                __cxa_demangle
                0x0040de90                __gcclibcxx_demangle_callback
 .text          0x0040dec0       0xf0 c:/tdm-gcc-32/bin/../lib/gcc/mingw32/4.8.1/../../../libmingw32.a(tlssup.o)
                0x0040df10                __dyn_tls_init@12
                0x0040dfa0                __tlregdtor
 .text          0x0040dfb0        0x0 c:/tdm-gcc-32/bin/../lib/gcc/mingw32/4.8.1/../../../libmingw32.a(CRTglob.o)
 .text          0x0040dfb0        0x0 c:/tdm-gcc-32/bin/../lib/gcc/mingw32/4.8.1/../../../libmingw32.a(CRTfmode.o)
 .text          0x0040dfb0        0x0 c:/tdm-gcc-32/bin/../lib/gcc/mingw32/4.8.1/../../../libmingw32.a(txtmode.o)
 .text          0x0040dfb0       0xe0 c:/tdm-gcc-32/bin/../lib/gcc/mingw32/4.8.1/../../../libmingw32.a(cpu_features.o)
                0x0040dfb0                __cpu_features_init
 .text          0x0040e090       0x10 c:/tdm-gcc-32/bin/../lib/gcc/mingw32/4.8.1/../../../libmingw32.a(CRT_fp10.o)
                0x0040e090                fpreset
                0x0040e090                _fpreset
 .text          0x0040e0a0      0x350 c:/tdm-gcc-32/bin/../lib/gcc/mingw32/4.8.1/../../../libmingw32.a(pseudo-reloc.o)
                0x0040e210                _pei386_runtime_relocator
 .text          0x0040e3f0        0x0 c:/tdm-gcc-32/bin/../lib/gcc/mingw32/4.8.1/../../../libmingw32.a(crtst.o)
 .text          0x0040e3f0      0x220 c:/tdm-gcc-32/bin/../lib/gcc/mingw32/4.8.1/../../../libmingw32.a(tlsthrd.o)
                0x0040e450                ___w64_mingwthr_add_key_dtor
                0x0040e4e0                ___w64_mingwthr_remove_key_dtor
                0x0040e570                __mingw_TLScallback
 .text          0x0040e610        0x0 c:/tdm-gcc-32/bin/../lib/gcc/mingw32/4.8.1/../../../libmingw32.a(pseudo-reloc-list.o)
 .text          0x0040e610       0x2c c:/tdm-gcc-32/bin/../lib/gcc/mingw32/4.8.1/libgcc.a(_chkstk_ms.o)
                0x0040e610                __chkstk_ms
 *fill*         0x0040e63c        0x4 
 .text          0x0040e640     0x1090 c:/tdm-gcc-32/bin/../lib/gcc/mingw32/4.8.1/libgcc.a(unwind-sjlj.o)
                0x0040e640                __shmem_init_use_fc_key
                0x0040e650                __shmem_init_sjlj_once
                0x0040ebd0                __shmem_grabber_fc_static
                0x0040ec00                __shmem_grabber_fc_key
                0x0040ec30                __shmem_grabber_use_fc_key
                0x0040ec60                __shmem_grabber_sjlj_once
                0x0040ec90                _Unwind_SjLj_Register
                0x0040ee10                _Unwind_SjLj_Unregister
                0x0040ef20                _Unwind_GetGR
                0x0040ef30                _Unwind_GetCFA
                0x0040ef50                _Unwind_SetGR
                0x0040ef70                _Unwind_GetIP
                0x0040ef80                _Unwind_GetIPInfo
                0x0040efb0                _Unwind_SetIP
                0x0040efd0                _Unwind_GetLanguageSpecificData
                0x0040efe0                _Unwind_GetRegionStart
                0x0040eff0                _Unwind_FindEnclosingFunction
                0x0040f000                _Unwind_GetDataRelBase
                0x0040f010                _Unwind_GetTextRelBase
                0x0040f020                _Unwind_SjLj_RaiseException
                0x0040f1c0                _Unwind_SjLj_ForcedUnwind
                0x0040f300                _Unwind_SjLj_Resume
                0x0040f430                _Unwind_SjLj_Resume_or_Rethrow
                0x0040f560                _Unwind_DeleteException
                0x0040f580                _Unwind_Backtrace
 .text          0x0040f6d0      0x230 c:/tdm-gcc-32/bin/../lib/gcc/mingw32/4.8.1/libgcc.a(shmem-win32.o)
                0x0040f740                __shmem_grab
 .text          0x0040f900        0x8 c:/tdm-gcc-32/bin/../lib/gcc/mingw32/4.8.1/../../../libmoldname.a(dofms00109.o)
                0x0040f900                write
 .text          0x0040f908        0x0 c:/tdm-gcc-32/bin/../lib/gcc/mingw32/4.8.1/../../../libmoldname.a(dofmh.o)
 .text          0x0040f908        0x0 c:/tdm-gcc-32/bin/../lib/gcc/mingw32/4.8.1/../../../libmoldname.a(dofmt.o)
 .text          0x0040f908        0x0 c:/tdm-gcc-32/bin/../lib/gcc/mingw32/4.8.1/../../../libmsvcrt.a(dsnos00266.o)
 .text          0x0040f908        0x0 c:/tdm-gcc-32/bin/../lib/gcc/mingw32/4.8.1/../../../libmsvcrt.a(dsnos00590.o)
 .text          0x0040f908        0x0 c:/tdm-gcc-32/bin/../lib/gcc/mingw32/4.8.1/../../../libmsvcrt.a(dsnos00383.o)
 .text          0x0040f908        0x8 c:/tdm-gcc-32/bin/../lib/gcc/mingw32/4.8.1/../../../libmsvcrt.a(dsnos00055.o)
                0x0040f908                __getmainargs
 .text          0x0040f910        0x8 c:/tdm-gcc-32/bin/../lib/gcc/mingw32/4.8.1/../../../libmsvcrt.a(dsnos00426.o)
                0x0040f910                _setmode
 .text          0x0040f918        0x8 c:/tdm-gcc-32/bin/../lib/gcc/mingw32/4.8.1/../../../libmsvcrt.a(dsnos00079.o)
                0x0040f918                __p__fmode
 .text          0x0040f920        0x8 c:/tdm-gcc-32/bin/../lib/gcc/mingw32/4.8.1/../../../libmsvcrt.a(dsnos00077.o)
                0x0040f920                __p__environ
 .text          0x0040f928        0x8 c:/tdm-gcc-32/bin/../lib/gcc/mingw32/4.8.1/../../../libmsvcrt.a(dsnos00147.o)
                0x0040f928                _cexit
 .text          0x0040f930        0x8 c:/tdm-gcc-32/bin/../lib/gcc/mingw32/4.8.1/../../../libmsvcrt.a(dsnos00706.o)
                0x0040f930                signal
 .text          0x0040f938        0x8 c:/tdm-gcc-32/bin/../lib/gcc/mingw32/4.8.1/../../../libmsvcrt.a(dsnos00721.o)
                0x0040f938                strlen
 .text          0x0040f940        0x8 c:/tdm-gcc-32/bin/../lib/gcc/mingw32/4.8.1/../../../libmsvcrt.a(dsnos00689.o)
                0x0040f940                printf
 .text          0x0040f948        0x8 c:/tdm-gcc-32/bin/../lib/gcc/mingw32/4.8.1/../../../libmsvcrt.a(dsnos00709.o)
                0x0040f948                sprintf
 .text          0x0040f950        0x8 c:/tdm-gcc-32/bin/../lib/gcc/mingw32/4.8.1/../../../libmsvcrt.a(dsnos00692.o)
                0x0040f950                puts
 .text          0x0040f958        0x8 c:/tdm-gcc-32/bin/../lib/gcc/mingw32/4.8.1/../../../libmsvcrt.a(dsnos00676.o)
                0x0040f958                malloc
 .text          0x0040f960        0x8 c:/tdm-gcc-32/bin/../lib/gcc/mingw32/4.8.1/../../../libmsvcrt.a(dsnos00625.o)
                0x0040f960                free
 .text          0x0040f968        0x8 c:/tdm-gcc-32/bin/../lib/gcc/mingw32/4.8.1/../../../libmsvcrt.a(dsnos00684.o)
                0x0040f968                memset
 .text          0x0040f970        0x8 c:/tdm-gcc-32/bin/../lib/gcc/mingw32/4.8.1/../../../libmsvcrt.a(dsnos00726.o)
                0x0040f970                strrchr
 .text          0x0040f978        0x8 c:/tdm-gcc-32/bin/../lib/gcc/mingw32/4.8.1/../../../libmsvcrt.a(dsnos00717.o)
                0x0040f978                strcpy
 .text          0x0040f980        0x8 c:/tdm-gcc-32/bin/../lib/gcc/mingw32/4.8.1/../../../libmsvcrt.a(dsnos00714.o)
                0x0040f980                strchr
 .text          0x0040f988        0x8 c:/tdm-gcc-32/bin/../lib/gcc/mingw32/4.8.1/../../../libmsvcrt.a(dsnos00715.o)
                0x0040f988                strcmp
 .text          0x0040f990        0x8 c:/tdm-gcc-32/bin/../lib/gcc/mingw32/4.8.1/../../../libmsvcrt.a(dsnos00644.o)
                0x0040f990                isalpha
 .text          0x0040f998        0x8 c:/tdm-gcc-32/bin/../lib/gcc/mingw32/4.8.1/../../../libmsvcrt.a(dsnos00643.o)
                0x0040f998                isalnum
 .text          0x0040f9a0        0x8 c:/tdm-gcc-32/bin/../lib/gcc/mingw32/4.8.1/../../../libmsvcrt.a(dsnos00682.o)
                0x0040f9a0                memcpy
 .text          0x0040f9a8        0x8 c:/tdm-gcc-32/bin/../lib/gcc/mingw32/4.8.1/../../../libmsvcrt.a(dsnos00618.o)
                0x0040f9a8                fopen
 .text          0x0040f9b0        0x8 c:/tdm-gcc-32/bin/../lib/gcc/mingw32/4.8.1/../../../libmsvcrt.a(dsnos00613.o)
                0x0040f9b0                fgets
 .text          0x0040f9b8        0x8 c:/tdm-gcc-32/bin/../lib/gcc/mingw32/4.8.1/../../../libmsvcrt.a(dsnos00607.o)
                0x0040f9b8                fclose
 .text          0x0040f9c0        0x8 c:/tdm-gcc-32/bin/../lib/gcc/mingw32/4.8.1/../../../libmsvcrt.a(dsnos00583.o)
                0x0040f9c0                abort
 .text          0x0040f9c8        0x8 c:/tdm-gcc-32/bin/../lib/gcc/mingw32/4.8.1/../../../libmsvcrt.a(dsnos00633.o)
                0x0040f9c8                fwrite
 .text          0x0040f9d0        0x8 c:/tdm-gcc-32/bin/../lib/gcc/mingw32/4.8.1/../../../libmsvcrt.a(dsnos00621.o)
                0x0040f9d0                fputs
 .text          0x0040f9d8        0x8 c:/tdm-gcc-32/bin/../lib/gcc/mingw32/4.8.1/../../../libmsvcrt.a(dsnos00620.o)
                0x0040f9d8                fputc
 .text          0x0040f9e0        0x8 c:/tdm-gcc-32/bin/../lib/gcc/mingw32/4.8.1/../../../libmsvcrt.a(dsnos00681.o)
                0x0040f9e0                memcmp
 .text          0x0040f9e8        0x8 c:/tdm-gcc-32/bin/../lib/gcc/mingw32/4.8.1/../../../libmsvcrt.a(dsnos00698.o)
                0x0040f9e8                realloc
 .text          0x0040f9f0        0x8 c:/tdm-gcc-32/bin/../lib/gcc/mingw32/4.8.1/../../../libmsvcrt.a(dsnos00748.o)
                0x0040f9f0                vfprintf
 .text          0x0040f9f8        0x8 c:/tdm-gcc-32/bin/../lib/gcc/mingw32/4.8.1/../../../libmsvcrt.a(dsnos00595.o)
                0x0040f9f8                calloc
 .text          0x0040fa00        0x0 c:/tdm-gcc-32/bin/../lib/gcc/mingw32/4.8.1/../../../libmsvcrt.a(dsnoh.o)
 .text          0x0040fa00        0x0 c:/tdm-gcc-32/bin/../lib/gcc/mingw32/4.8.1/../../../libmsvcrt.a(dsnot.o)
 .text          0x0040fa00     0x31cc c:/tdm-gcc-32/bin/../lib/gcc/mingw32/4.8.1/../../../libpthread.a(libwinpthread_la-thread.o)
                0x0040fa00                __shmem_winpthreads_init__pthread_tls_shmem
                0x0040fa0c                __shmem_winpthreads_init__pthread_key_lock_shmem
                0x0040fa18                __shmem_winpthreads_init_mtx_pthr_locked_shmem
                0x0040fa24                __shmem_winpthreads_init_once_global_shmem
                0x0040fa48                __shmem_winpthreads_grabber__pthread_key_dest_shmem
                0x0040fa6c                __shmem_winpthreads_grabber__pthread_cancelling_shmem
                0x0040fa90                __shmem_winpthreads_grabber__pthread_concur_shmem
                0x0040fab4                __shmem_winpthreads_grabber__pthread_tls_once_shmem
                0x0040fad8                __shmem_winpthreads_grabber__pthread_tls_shmem
                0x0040fafc                pthread_tls_init
                0x0040fb48                __shmem_winpthreads_grabber__pthread_key_lock_shmem
                0x0040fb6c                __shmem_winpthreads_grabber__pthread_key_max_shmem
                0x0040fb90                __shmem_winpthreads_grabber__pthread_key_sch_shmem
                0x0040fbb4                __shmem_winpthreads_grabber_pthr_root_shmem
                0x0040fbd8                __shmem_winpthreads_grabber_pthr_last_shmem
                0x0040fbfc                __shmem_winpthreads_grabber_mtx_pthr_locked_shmem
                0x0040fc20                __shmem_winpthreads_grabber_idList_shmem
                0x0040fc44                __shmem_winpthreads_grabber_idListCnt_shmem
                0x0040fdb8                __shmem_winpthreads_grabber_idListMax_shmem
                0x00410138                __shmem_winpthreads_grabber_idListNextId_shmem
                0x0041062c                __pth_gpointer_locked
                0x00410690                thread_print_set
                0x0041069c                thread_print
                0x00410738                __shmem_winpthreads_grabber_once_obj_shmem
                0x0041075c                __shmem_winpthreads_grabber_once_global_shmem
                0x00410b98                pthread_timechange_handler_np
                0x00410b9c                pthread_num_processors_np
                0x00410bec                pthread_set_num_processors_np
                0x00410c74                pthread_key_create
                0x00410ff8                pthread_key_delete
                0x00411270                pthread_getspecific
                0x004112c8                pthread_setspecific
                0x004113bc                pthread_equal
                0x004113cc                _pthread_cleanup_dest
                0x00411714                pthread_create_wrapper
                0x00411950                pthread_self
                0x00411970                pthread_getevent
                0x00411990                pthread_gethandle
                0x004119b0                pthread_getclean
                0x004119c8                pthread_once
                0x00411a98                pthread_get_concurrency
                0x00411acc                pthread_set_concurrency
                0x00411afc                pthread_exit
                0x00411c28                __pthread_shallcancel
                0x00411c6c                _pthread_setnobreak
                0x00411c9c                _pthread_invoke_cancel
                0x00411d74                pthread_testcancel
                0x00411e10                pthread_delay_np_ms
                0x00411e7c                pthread_delay_np
                0x00411f14                pthread_cancel
                0x00412134                pthread_kill
                0x00412204                _pthread_get_state
                0x00412210                _pthread_set_state
                0x00412234                pthread_attr_init
                0x00412250                pthread_attr_destroy
                0x00412264                pthread_attr_setdetachstate
                0x00412288                pthread_attr_getdetachstate
                0x0041229c                pthread_attr_setinheritsched
                0x004122c4                pthread_attr_getinheritsched
                0x004122d8                pthread_attr_setscope
                0x004122fc                pthread_attr_getscope
                0x00412310                pthread_attr_getstackaddr
                0x00412320                pthread_attr_setstackaddr
                0x00412330                pthread_attr_getstacksize
                0x00412340                pthread_attr_setstacksize
                0x00412350                pthread_setcancelstate
                0x004123cc                pthread_setcanceltype
                0x00412448                pthread_create
                0x0041272c                pthread_join
                0x00412828                _pthread_tryjoin
                0x00412a00                pthread_detach
                0x00412b58                __shmem_winpthreads_grabber_dummy_concurrency_level_shmem
                0x00412b7c                pthread_getconcurrency
                0x00412b9c                pthread_setconcurrency
 .text          0x00412bcc      0xb90 c:/tdm-gcc-32/bin/../lib/gcc/mingw32/4.8.1/../../../libpthread.a(libwinpthread_la-mutex.o)
                0x00412bcc                __shmem_winpthreads_init_mutex_global_shmem
                0x00412bf0                __shmem_winpthreads_init_mutex_global_static_shmem
                0x00412c14                __shmem_winpthreads_init_mxattr_recursive_shmem
                0x00412c20                __shmem_winpthreads_init_mxattr_errorcheck_shmem
                0x00412cb0                __shmem_winpthreads_grabber_mutex_global_shmem
                0x00412f28                __shmem_winpthreads_grabber_mutex_global_static_shmem
                0x00412f4c                mutex_print_set
                0x00412f58                mutex_print
                0x0041301c                __shmem_winpthreads_grabber_mxattr_recursive_shmem
                0x00413040                __shmem_winpthreads_grabber_mxattr_errorcheck_shmem
                0x00413064                pthread_mutex_unlock
                0x00413128                pthread_mutex_init
                0x00413420                pthread_mutex_trylock
                0x004134f0                pthread_mutex_lock
                0x0041351c                pthread_mutex_timedlock
                0x004135e4                pthread_mutex_destroy
                0x00413638                pthread_mutexattr_init
                0x00413648                pthread_mutexattr_destroy
                0x00413654                pthread_mutexattr_gettype
                0x00413678                pthread_mutexattr_settype
                0x004136a4                pthread_mutexattr_getpshared
                0x004136cc                pthread_mutexattr_setpshared
                0x004136f4                pthread_mutexattr_getprotocol
                0x00413708                pthread_mutexattr_setprotocol
                0x00413730                pthread_mutexattr_getprioceiling
                0x00413744                pthread_mutexattr_setprioceiling
 .text          0x0041375c      0x1f0 c:/tdm-gcc-32/bin/../lib/gcc/mingw32/4.8.1/../../../libpthread.a(libwinpthread_la-shmem.o)
                0x004137d0                __shmem_winpthreads_grab
 .text          0x0041394c      0x654 c:/tdm-gcc-32/bin/../lib/gcc/mingw32/4.8.1/../../../libpthread.a(libwinpthread_la-spinlock.o)
                0x0041394c                __shmem_winpthreads_init_spin_locked_shmem
                0x00413970                __shmem_winpthreads_grabber_spin_locked_shmem
                0x00413994                pthread_spin_init
                0x00413a08                _spin_lite_trylock
                0x00413aa0                _spin_lite_unlock
                0x00413b38                _spin_lite_lock
                0x00413bc4                pthread_spin_trylock
                0x00413cdc                pthread_spin_destroy
                0x00413dcc                pthread_spin_lock
                0x00413ee8                pthread_spin_unlock
 .text          0x00413fa0      0xcec c:/tdm-gcc-32/bin/../lib/gcc/mingw32/4.8.1/../../../libpthread.a(libwinpthread_la-rwlock.o)
                0x00413fa0                __shmem_winpthreads_init_rwl_global_shmem
                0x00413fc4                __shmem_winpthreads_init_cond_locked_shmem_rwlock
                0x0041408c                __shmem_winpthreads_grabber_rwl_global_shmem
                0x00414284                rwl_print_set
                0x00414290                rwl_print
                0x00414324                __shmem_winpthreads_grabber_cond_locked_shmem_rwlock
                0x00414348                pthread_rwlock_init
                0x00414554                pthread_rwlock_destroy
                0x00414664                pthread_rwlock_rdlock
                0x00414700                pthread_rwlock_timedrdlock
                0x004147bc                pthread_rwlock_tryrdlock
                0x00414854                pthread_rwlock_trywrlock
                0x00414900                pthread_rwlock_unlock
                0x004149a0                pthread_rwlock_wrlock
                0x00414aa0                pthread_rwlock_timedwrlock
                0x00414c20                pthread_rwlockattr_destroy
                0x00414c2c                pthread_rwlockattr_init
                0x00414c48                pthread_rwlockattr_getpshared
                0x00414c68                pthread_rwlockattr_setpshared
 .text          0x00414c8c       0xe4 c:/tdm-gcc-32/bin/../lib/gcc/mingw32/4.8.1/../../../libpthread.a(libwinpthread_la-misc.o)
                0x00414c8c                _pthread_time_in_ms
                0x00414cb8                _pthread_time_in_ms_from_timespec
                0x00414cf4                _pthread_rel_time_in_ms
 .text          0x00414d70      0xff0 c:/tdm-gcc-32/bin/../lib/gcc/mingw32/4.8.1/../../../libpthread.a(libwinpthread_la-cond.o)
                0x00414d70                __shmem_winpthreads_init_cond_locked_shmem_cond
                0x00414e70                cond_print_set
                0x00414e9c                cond_print
                0x00414f38                __shmem_winpthreads_grabber_cond_locked_shmem_cond
                0x00414f5c                pthread_condattr_destroy
                0x00414f78                pthread_condattr_init
                0x00414f94                pthread_condattr_getpshared
                0x00414fb4                pthread_condattr_getclock
                0x00414fd8                pthread_condattr_setclock
                0x00414ff4                __pthread_clock_nanosleep
                0x004150b4                pthread_condattr_setpshared
                0x004150e0                pthread_cond_init
                0x004152b4                do_sema_b_wait_intern
                0x004155f8                pthread_cond_timedwait
                0x00415844                pthread_cond_wait
                0x00415980                pthread_cond_broadcast
                0x00415a94                pthread_cond_signal
                0x00415ba0                pthread_cond_destroy
 .text          0x00415d60        0x8 c:/tdm-gcc-32/bin/../lib/gcc/mingw32/4.8.1/../../../libkernel32.a(dchds01140.o)
                0x00415d60                SetUnhandledExceptionFilter@4
 .text          0x00415d68        0x8 c:/tdm-gcc-32/bin/../lib/gcc/mingw32/4.8.1/../../../libkernel32.a(dchds00279.o)
                0x00415d68                ExitProcess@4
 .text          0x00415d70        0x8 c:/tdm-gcc-32/bin/../lib/gcc/mingw32/4.8.1/../../../libkernel32.a(dchds00529.o)
                0x00415d70                GetModuleHandleA@4
 .text          0x00415d78        0x8 c:/tdm-gcc-32/bin/../lib/gcc/mingw32/4.8.1/../../../libkernel32.a(dchds00577.o)
                0x00415d78                GetProcAddress@8
 .text          0x00415d80        0x8 c:/tdm-gcc-32/bin/../lib/gcc/mingw32/4.8.1/../../../libkernel32.a(dchds01215.o)
                0x00415d80                VirtualQuery@12
 .text          0x00415d88        0x8 c:/tdm-gcc-32/bin/../lib/gcc/mingw32/4.8.1/../../../libkernel32.a(dchds01213.o)
                0x00415d88                VirtualProtect@16
 .text          0x00415d90        0x8 c:/tdm-gcc-32/bin/../lib/gcc/mingw32/4.8.1/../../../libkernel32.a(dchds00236.o)
                0x00415d90                EnterCriticalSection@4
 .text          0x00415d98        0x8 c:/tdm-gcc-32/bin/../lib/gcc/mingw32/4.8.1/../../../libkernel32.a(dchds01173.o)
                0x00415d98                TlsGetValue@4
 .text          0x00415da0        0x8 c:/tdm-gcc-32/bin/../lib/gcc/mingw32/4.8.1/../../../libkernel32.a(dchds00510.o)
                0x00415da0                GetLastError@0
 .text          0x00415da8        0x8 c:/tdm-gcc-32/bin/../lib/gcc/mingw32/4.8.1/../../../libkernel32.a(dchds00814.o)
                0x00415da8                LeaveCriticalSection@4
 .text          0x00415db0        0x8 c:/tdm-gcc-32/bin/../lib/gcc/mingw32/4.8.1/../../../libkernel32.a(dchds00207.o)
                0x00415db0                DeleteCriticalSection@4
 .text          0x00415db8        0x8 c:/tdm-gcc-32/bin/../lib/gcc/mingw32/4.8.1/../../../libkernel32.a(dchds00734.o)
                0x00415db8                InitializeCriticalSection@4
 .text          0x00415dc0        0x8 c:/tdm-gcc-32/bin/../lib/gcc/mingw32/4.8.1/../../../libkernel32.a(dchds00363.o)
                0x00415dc0                GetAtomNameA@12
 .text          0x00415dc8        0x8 c:/tdm-gcc-32/bin/../lib/gcc/mingw32/4.8.1/../../../libkernel32.a(dchds00154.o)
                0x00415dc8                CreateMutexA@12
 .text          0x00415dd0        0x8 c:/tdm-gcc-32/bin/../lib/gcc/mingw32/4.8.1/../../../libkernel32.a(dchds01223.o)
                0x00415dd0                WaitForSingleObject@8
 .text          0x00415dd8        0x8 c:/tdm-gcc-32/bin/../lib/gcc/mingw32/4.8.1/../../../libkernel32.a(dchds00298.o)
                0x00415dd8                FindAtomA@4
 .text          0x00415de0        0x8 c:/tdm-gcc-32/bin/../lib/gcc/mingw32/4.8.1/../../../libkernel32.a(dchds00003.o)
                0x00415de0                AddAtomA@4
 .text          0x00415de8        0x8 c:/tdm-gcc-32/bin/../lib/gcc/mingw32/4.8.1/../../../libkernel32.a(dchds00974.o)
                0x00415de8                ReleaseMutex@4
 .text          0x00415df0        0x8 c:/tdm-gcc-32/bin/../lib/gcc/mingw32/4.8.1/../../../libkernel32.a(dchds00082.o)
                0x00415df0                CloseHandle@4
 .text          0x00415df8        0x8 c:/tdm-gcc-32/bin/../lib/gcc/mingw32/4.8.1/../../../libkernel32.a(dchds01171.o)
                0x00415df8                TlsAlloc@0
 .text          0x00415e00        0x8 c:/tdm-gcc-32/bin/../lib/gcc/mingw32/4.8.1/../../../libkernel32.a(dchds00451.o)
                0x00415e00                GetCurrentThreadId@0
 .text          0x00415e08        0x8 c:/tdm-gcc-32/bin/../lib/gcc/mingw32/4.8.1/../../../libkernel32.a(dchds00129.o)
                0x00415e08                CreateEventA@16
 .text          0x00415e10        0x8 c:/tdm-gcc-32/bin/../lib/gcc/mingw32/4.8.1/../../../libkernel32.a(dchds00446.o)
                0x00415e10                GetCurrentProcess@0
 .text          0x00415e18        0x8 c:/tdm-gcc-32/bin/../lib/gcc/mingw32/4.8.1/../../../libkernel32.a(dchds00450.o)
                0x00415e18                GetCurrentThread@0
 .text          0x00415e20        0x8 c:/tdm-gcc-32/bin/../lib/gcc/mingw32/4.8.1/../../../libkernel32.a(dchds00230.o)
                0x00415e20                DuplicateHandle@28
 .text          0x00415e28        0x8 c:/tdm-gcc-32/bin/../lib/gcc/mingw32/4.8.1/../../../libkernel32.a(dchds00650.o)
                0x00415e28                GetThreadPriority@4
 .text          0x00415e30        0x8 c:/tdm-gcc-32/bin/../lib/gcc/mingw32/4.8.1/../../../libkernel32.a(dchds01174.o)
                0x00415e30                TlsSetValue@8
 .text          0x00415e38        0x8 c:/tdm-gcc-32/bin/../lib/gcc/mingw32/4.8.1/../../../libkernel32.a(dchds00578.o)
                0x00415e38                GetProcessAffinityMask@12
 .text          0x00415e40        0x8 c:/tdm-gcc-32/bin/../lib/gcc/mingw32/4.8.1/../../../libkernel32.a(dchds01102.o)
                0x00415e40                SetProcessAffinityMask@8
 .text          0x00415e48        0x8 c:/tdm-gcc-32/bin/../lib/gcc/mingw32/4.8.1/../../../libkernel32.a(dchds01091.o)
                0x00415e48                SetLastError@4
 .text          0x00415e50        0x8 c:/tdm-gcc-32/bin/../lib/gcc/mingw32/4.8.1/../../../libkernel32.a(dchds01152.o)
                0x00415e50                Sleep@4
 .text          0x00415e58        0x8 c:/tdm-gcc-32/bin/../lib/gcc/mingw32/4.8.1/../../../libkernel32.a(dchds00747.o)
                0x00415e58                InterlockedIncrement@4
 .text          0x00415e60        0x8 c:/tdm-gcc-32/bin/../lib/gcc/mingw32/4.8.1/../../../libkernel32.a(dchds00743.o)
                0x00415e60                InterlockedDecrement@4
 .text          0x00415e68        0x8 c:/tdm-gcc-32/bin/../lib/gcc/mingw32/4.8.1/../../../libkernel32.a(dchds00995.o)
                0x00415e68                ResetEvent@4
 .text          0x00415e70        0x8 c:/tdm-gcc-32/bin/../lib/gcc/mingw32/4.8.1/../../../libkernel32.a(dchds00507.o)
                0x00415e70                GetHandleInformation@8
 .text          0x00415e78        0x8 c:/tdm-gcc-32/bin/../lib/gcc/mingw32/4.8.1/../../../libkernel32.a(dchds01065.o)
                0x00415e78                SetEvent@4
 .text          0x00415e80        0x8 c:/tdm-gcc-32/bin/../lib/gcc/mingw32/4.8.1/../../../libkernel32.a(dchds01160.o)
                0x00415e80                SuspendThread@4
 .text          0x00415e88        0x8 c:/tdm-gcc-32/bin/../lib/gcc/mingw32/4.8.1/../../../libkernel32.a(dchds00642.o)
                0x00415e88                GetThreadContext@8
 .text          0x00415e90        0x8 c:/tdm-gcc-32/bin/../lib/gcc/mingw32/4.8.1/../../../libkernel32.a(dchds01121.o)
                0x00415e90                SetThreadContext@8
 .text          0x00415e98        0x8 c:/tdm-gcc-32/bin/../lib/gcc/mingw32/4.8.1/../../../libkernel32.a(dchds00999.o)
                0x00415e98                ResumeThread@4
 .text          0x00415ea0        0x8 c:/tdm-gcc-32/bin/../lib/gcc/mingw32/4.8.1/../../../libkernel32.a(dchds01129.o)
                0x00415ea0                SetThreadPriority@8
 .text          0x00415ea8        0x8 c:/tdm-gcc-32/bin/../lib/gcc/mingw32/4.8.1/../../../libkernel32.a(dchds00978.o)
                0x00415ea8                ReleaseSemaphore@12
 .text          0x00415eb0        0x8 c:/tdm-gcc-32/bin/../lib/gcc/mingw32/4.8.1/../../../libkernel32.a(dchds00169.o)
                0x00415eb0                CreateSemaphoreA@16
 .text          0x00415eb8        0x8 c:/tdm-gcc-32/bin/../lib/gcc/mingw32/4.8.1/../../../libkernel32.a(dchds00745.o)
                0x00415eb8                InterlockedExchangeAdd@8
 .text          0x00415ec0        0x8 c:/tdm-gcc-32/bin/../lib/gcc/mingw32/4.8.1/../../../libkernel32.a(dchds01221.o)
                0x00415ec0                WaitForMultipleObjects@16
 .text          0x00415ec8        0x8 c:/tdm-gcc-32/bin/../lib/gcc/mingw32/4.8.1/../../../libkernel32.a(dchds01180.o)
                0x00415ec8                TryEnterCriticalSection@4
 .text          0x00415ed0        0x0 c:/tdm-gcc-32/bin/../lib/gcc/mingw32/4.8.1/../../../libkernel32.a(dchdh.o)
 .text          0x00415ed0        0x0 c:/tdm-gcc-32/bin/../lib/gcc/mingw32/4.8.1/../../../libkernel32.a(dchdt.o)
 .text          0x00415ed0        0x8 c:/tdm-gcc-32/bin/../lib/gcc/mingw32/4.8.1/../../../libmsvcrt.a(dsnos00683.o)
                0x00415ed0                memmove
 .text          0x00415ed8        0x8 c:/tdm-gcc-32/bin/../lib/gcc/mingw32/4.8.1/../../../libmsvcrt.a(dsnos00619.o)
                0x00415ed8                fprintf
 .text          0x00415ee0        0x8 c:/tdm-gcc-32/bin/../lib/gcc/mingw32/4.8.1/../../../libmsvcrt.a(dsnos00422.o)
                0x00415ee0                _setjmp
 .text          0x00415ee8        0x8 c:/tdm-gcc-32/bin/../lib/gcc/mingw32/4.8.1/../../../libmsvcrt.a(dsnos00179.o)
                0x00415ee8                _endthreadex
 .text          0x00415ef0        0x8 c:/tdm-gcc-32/bin/../lib/gcc/mingw32/4.8.1/../../../libmsvcrt.a(dsnos00675.o)
                0x00415ef0                longjmp
 .text          0x00415ef8        0x8 c:/tdm-gcc-32/bin/../lib/gcc/mingw32/4.8.1/../../../libmsvcrt.a(dsnos00143.o)
                0x00415ef8                _beginthreadex
 .text          0x00415f00        0x8 c:/tdm-gcc-32/bin/../lib/gcc/mingw32/4.8.1/../../../libmsvcrt.a(dsnos00604.o)
                0x00415f00                exit
 .text          0x00415f08        0x8 c:/tdm-gcc-32/bin/../lib/gcc/mingw32/4.8.1/../../../libmsvcrt.a(dsnos00225.o)
                0x00415f08                _ftime
 .text          0x00415f10        0x0 c:/tdm-gcc-32/bin/../lib/gcc/mingw32/4.8.1/crtend.o
 *(SORT(.text$*))
 .text$_ZN9__gnu_cxx24__concurrence_lock_errorD0Ev
                0x00415f10       0x20 c:/tdm-gcc-32/bin/../lib/gcc/mingw32/4.8.1\libstdc++.a(eh_alloc.o)
                0x00415f10                __gnu_cxx::__concurrence_lock_error::~__concurrence_lock_error()
 .text$_ZN9__gnu_cxx24__concurrence_lock_errorD1Ev
                0x00415f30       0x10 c:/tdm-gcc-32/bin/../lib/gcc/mingw32/4.8.1\libstdc++.a(eh_alloc.o)
                0x00415f30                __gnu_cxx::__concurrence_lock_error::~__concurrence_lock_error()
 .text$_ZN9__gnu_cxx26__concurrence_unlock_errorD0Ev
                0x00415f40       0x20 c:/tdm-gcc-32/bin/../lib/gcc/mingw32/4.8.1\libstdc++.a(eh_alloc.o)
                0x00415f40                __gnu_cxx::__concurrence_unlock_error::~__concurrence_unlock_error()
 .text$_ZN9__gnu_cxx26__concurrence_unlock_errorD1Ev
                0x00415f60       0x10 c:/tdm-gcc-32/bin/../lib/gcc/mingw32/4.8.1\libstdc++.a(eh_alloc.o)
                0x00415f60                __gnu_cxx::__concurrence_unlock_error::~__concurrence_unlock_error()
 .text$_ZN9__gnu_cxx30__throw_concurrence_lock_errorEv
                0x00415f70       0x30 c:/tdm-gcc-32/bin/../lib/gcc/mingw32/4.8.1\libstdc++.a(eh_alloc.o)
                0x00415f70                __gnu_cxx::__throw_concurrence_lock_error()
 .text$_ZN9__gnu_cxx32__throw_concurrence_unlock_errorEv
                0x00415fa0       0x30 c:/tdm-gcc-32/bin/../lib/gcc/mingw32/4.8.1\libstdc++.a(eh_alloc.o)
                0x00415fa0                __gnu_cxx::__throw_concurrence_unlock_error()
 .text$_ZNK9__gnu_cxx24__concurrence_lock_error4whatEv
                0x00415fd0       0x10 c:/tdm-gcc-32/bin/../lib/gcc/mingw32/4.8.1\libstdc++.a(eh_alloc.o)
                0x00415fd0                __gnu_cxx::__concurrence_lock_error::what() const
 .text$_ZNK9__gnu_cxx26__concurrence_unlock_error4whatEv
                0x00415fe0       0x10 c:/tdm-gcc-32/bin/../lib/gcc/mingw32/4.8.1\libstdc++.a(eh_alloc.o)
                0x00415fe0                __gnu_cxx::__concurrence_unlock_error::what() const
 *(.text.*)
 .text.startup  0x00415ff0       0x10 c:/tdm-gcc-32/bin/../lib/gcc/mingw32/4.8.1\libstdc++.a(eh_alloc.o)
 .text.startup  0x00416000       0x20 c:/tdm-gcc-32/bin/../lib/gcc/mingw32/4.8.1/crtend.o
 *(.gnu.linkonce.t.*)
 *(.glue_7t)
 *(.glue_7)
                0x00416020                ___CTOR_LIST__ = .
                0x00416020                __CTOR_LIST__ = .
                0x00416020        0x4 LONG 0xffffffff
 *(.ctors)
 .ctors         0x00416024        0x4 c:/tdm-gcc-32/bin/../lib/gcc/mingw32/4.8.1\libstdc++.a(eh_alloc.o)
 *(.ctor)
 *(SORT(.ctors.*))
 .ctors.65535   0x00416028        0x4 c:/tdm-gcc-32/bin/../lib/gcc/mingw32/4.8.1/crtend.o
                0x0041602c        0x4 LONG 0x0
                0x00416030                ___DTOR_LIST__ = .
                0x00416030                __DTOR_LIST__ = .
                0x00416030        0x4 LONG 0xffffffff
 *(.dtors)
 *(.dtor)
 *(SORT(.dtors.*))
                0x00416034        0x4 LONG 0x0
 *(.fini)
 *(.gcc_exc)
                0x00416038                PROVIDE (etext, .)
 *(.gcc_except_table)
 .gcc_except_table
                0x00416038        0x8 ../src/VirtualMachine/sim.o
 .gcc_except_table
                0x00416040       0x20 c:/tdm-gcc-32/bin/../lib/gcc/mingw32/4.8.1\libstdc++.a(eh_personality.o)
 .gcc_except_table
                0x00416060       0x40 c:/tdm-gcc-32/bin/../lib/gcc/mingw32/4.8.1\libstdc++.a(eh_terminate.o)
 .gcc_except_table
                0x004160a0       0x20 c:/tdm-gcc-32/bin/../lib/gcc/mingw32/4.8.1\libstdc++.a(eh_globals.o)
 .gcc_except_table
                0x004160c0       0x40 c:/tdm-gcc-32/bin/../lib/gcc/mingw32/4.8.1\libstdc++.a(eh_alloc.o)
 .gcc_except_table
                0x00416100       0x14 c:/tdm-gcc-32/bin/../lib/gcc/mingw32/4.8.1\libstdc++.a(vterminate.o)

.data           0x00417000      0x200
                0x00417000                __data_start__ = .
 *(.data)
 .data          0x00417000        0x0 c:/tdm-gcc-32/bin/../lib/gcc/mingw32/4.8.1/../../../crt2.o
 .data          0x00417000        0x0 c:/tdm-gcc-32/bin/../lib/gcc/mingw32/4.8.1/crtbegin.o
 .data          0x00417000        0x4 c:/tdm-gcc-32/bin/../lib/gcc/mingw32/4.8.1/libgcc.a(__main.o)
 .data          0x00417004        0x0 c:/tdm-gcc-32/bin/../lib/gcc/mingw32/4.8.1/libgcc.a(_ctors.o)
 .data          0x00417004        0x0 ../src/utils/plc_emu/parser.o
 .data          0x00417004        0x0 ../src/utils/plc_emu/plclib.o
 .data          0x00417004        0x0 ../src/VirtualMachine/sim.o
 .data          0x00417004        0x0 c:/tdm-gcc-32/bin/../lib/gcc/mingw32/4.8.1\libstdc++.a(eh_personality.o)
 .data          0x00417004        0x0 c:/tdm-gcc-32/bin/../lib/gcc/mingw32/4.8.1\libstdc++.a(eh_exception.o)
 .data          0x00417004        0x0 c:/tdm-gcc-32/bin/../lib/gcc/mingw32/4.8.1\libstdc++.a(class_type_info.o)
 .data          0x00417004        0x0 c:/tdm-gcc-32/bin/../lib/gcc/mingw32/4.8.1\libstdc++.a(si_class_type_info.o)
 .data          0x00417004        0x0 c:/tdm-gcc-32/bin/../lib/gcc/mingw32/4.8.1\libstdc++.a(eh_call.o)
 .data          0x00417004        0x0 c:/tdm-gcc-32/bin/../lib/gcc/mingw32/4.8.1\libstdc++.a(eh_terminate.o)
 .data          0x00417004        0x0 c:/tdm-gcc-32/bin/../lib/gcc/mingw32/4.8.1\libstdc++.a(eh_catch.o)
 .data          0x00417004        0x0 c:/tdm-gcc-32/bin/../lib/gcc/mingw32/4.8.1\libstdc++.a(eh_globals.o)
 .data          0x00417004        0x0 c:/tdm-gcc-32/bin/../lib/gcc/mingw32/4.8.1\libstdc++.a(eh_throw.o)
 .data          0x00417004        0x0 c:/tdm-gcc-32/bin/../lib/gcc/mingw32/4.8.1\libstdc++.a(eh_alloc.o)
 .data          0x00417004        0x0 c:/tdm-gcc-32/bin/../lib/gcc/mingw32/4.8.1\libstdc++.a(del_op.o)
 .data          0x00417004        0x0 c:/tdm-gcc-32/bin/../lib/gcc/mingw32/4.8.1\libstdc++.a(pure.o)
 .data          0x00417004        0x0 c:/tdm-gcc-32/bin/../lib/gcc/mingw32/4.8.1\libstdc++.a(tinfo.o)
 .data          0x00417004        0x0 c:/tdm-gcc-32/bin/../lib/gcc/mingw32/4.8.1\libstdc++.a(eh_term_handler.o)
 .data          0x00417004        0x0 c:/tdm-gcc-32/bin/../lib/gcc/mingw32/4.8.1\libstdc++.a(eh_unex_handler.o)
 .data          0x00417004        0x0 c:/tdm-gcc-32/bin/../lib/gcc/mingw32/4.8.1\libstdc++.a(vterminate.o)
 .data          0x00417004        0x0 c:/tdm-gcc-32/bin/../lib/gcc/mingw32/4.8.1\libstdc++.a(eh_type.o)
 .data          0x00417004        0x0 c:/tdm-gcc-32/bin/../lib/gcc/mingw32/4.8.1\libstdc++.a(cp-demangle.o)
 .data          0x00417004        0x0 c:/tdm-gcc-32/bin/../lib/gcc/mingw32/4.8.1/../../../libmingw32.a(tlssup.o)
 .data          0x00417004        0x4 c:/tdm-gcc-32/bin/../lib/gcc/mingw32/4.8.1/../../../libmingw32.a(CRTglob.o)
                0x00417004                _CRT_glob
 .data          0x00417008        0x0 c:/tdm-gcc-32/bin/../lib/gcc/mingw32/4.8.1/../../../libmingw32.a(CRTfmode.o)
 .data          0x00417008        0x4 c:/tdm-gcc-32/bin/../lib/gcc/mingw32/4.8.1/../../../libmingw32.a(txtmode.o)
                0x00417008                _fmode
 .data          0x0041700c        0x0 c:/tdm-gcc-32/bin/../lib/gcc/mingw32/4.8.1/../../../libmingw32.a(cpu_features.o)
 .data          0x0041700c        0x0 c:/tdm-gcc-32/bin/../lib/gcc/mingw32/4.8.1/../../../libmingw32.a(CRT_fp10.o)
 .data          0x0041700c        0x0 c:/tdm-gcc-32/bin/../lib/gcc/mingw32/4.8.1/../../../libmingw32.a(pseudo-reloc.o)
 .data          0x0041700c        0x0 c:/tdm-gcc-32/bin/../lib/gcc/mingw32/4.8.1/../../../libmingw32.a(crtst.o)
 .data          0x0041700c        0x0 c:/tdm-gcc-32/bin/../lib/gcc/mingw32/4.8.1/../../../libmingw32.a(tlsthrd.o)
 .data          0x0041700c        0x0 c:/tdm-gcc-32/bin/../lib/gcc/mingw32/4.8.1/../../../libmingw32.a(pseudo-reloc-list.o)
 .data          0x0041700c        0x0 c:/tdm-gcc-32/bin/../lib/gcc/mingw32/4.8.1/libgcc.a(_chkstk_ms.o)
 .data          0x0041700c        0x0 c:/tdm-gcc-32/bin/../lib/gcc/mingw32/4.8.1/libgcc.a(unwind-sjlj.o)
 .data          0x0041700c        0x0 c:/tdm-gcc-32/bin/../lib/gcc/mingw32/4.8.1/libgcc.a(shmem-win32.o)
 .data          0x0041700c        0x0 c:/tdm-gcc-32/bin/../lib/gcc/mingw32/4.8.1/../../../libmoldname.a(dofms00109.o)
 .data          0x0041700c        0x0 c:/tdm-gcc-32/bin/../lib/gcc/mingw32/4.8.1/../../../libmoldname.a(dofmh.o)
 .data          0x0041700c        0x0 c:/tdm-gcc-32/bin/../lib/gcc/mingw32/4.8.1/../../../libmoldname.a(dofmt.o)
 .data          0x0041700c        0x0 c:/tdm-gcc-32/bin/../lib/gcc/mingw32/4.8.1/../../../libmsvcrt.a(dsnos00266.o)
 .data          0x0041700c        0x0 c:/tdm-gcc-32/bin/../lib/gcc/mingw32/4.8.1/../../../libmsvcrt.a(dsnos00099.o)
 .data          0x0041700c        0x0 c:/tdm-gcc-32/bin/../lib/gcc/mingw32/4.8.1/../../../libmsvcrt.a(dsnos00590.o)
 .data          0x0041700c        0x0 c:/tdm-gcc-32/bin/../lib/gcc/mingw32/4.8.1/../../../libmsvcrt.a(dsnos00383.o)
 .data          0x0041700c        0x0 c:/tdm-gcc-32/bin/../lib/gcc/mingw32/4.8.1/../../../libmsvcrt.a(dsnos00055.o)
 .data          0x0041700c        0x0 c:/tdm-gcc-32/bin/../lib/gcc/mingw32/4.8.1/../../../libmsvcrt.a(dsnos00426.o)
 .data          0x0041700c        0x0 c:/tdm-gcc-32/bin/../lib/gcc/mingw32/4.8.1/../../../libmsvcrt.a(dsnos00079.o)
 .data          0x0041700c        0x0 c:/tdm-gcc-32/bin/../lib/gcc/mingw32/4.8.1/../../../libmsvcrt.a(dsnos00077.o)
 .data          0x0041700c        0x0 c:/tdm-gcc-32/bin/../lib/gcc/mingw32/4.8.1/../../../libmsvcrt.a(dsnos00147.o)
 .data          0x0041700c        0x0 c:/tdm-gcc-32/bin/../lib/gcc/mingw32/4.8.1/../../../libmsvcrt.a(dsnos00706.o)
 .data          0x0041700c        0x0 c:/tdm-gcc-32/bin/../lib/gcc/mingw32/4.8.1/../../../libmsvcrt.a(dsnos00721.o)
 .data          0x0041700c        0x0 c:/tdm-gcc-32/bin/../lib/gcc/mingw32/4.8.1/../../../libmsvcrt.a(dsnos00689.o)
 .data          0x0041700c        0x0 c:/tdm-gcc-32/bin/../lib/gcc/mingw32/4.8.1/../../../libmsvcrt.a(dsnos00709.o)
 .data          0x0041700c        0x0 c:/tdm-gcc-32/bin/../lib/gcc/mingw32/4.8.1/../../../libmsvcrt.a(dsnos00692.o)
 .data          0x0041700c        0x0 c:/tdm-gcc-32/bin/../lib/gcc/mingw32/4.8.1/../../../libmsvcrt.a(dsnos00676.o)
 .data          0x0041700c        0x0 c:/tdm-gcc-32/bin/../lib/gcc/mingw32/4.8.1/../../../libmsvcrt.a(dsnos00625.o)
 .data          0x0041700c        0x0 c:/tdm-gcc-32/bin/../lib/gcc/mingw32/4.8.1/../../../libmsvcrt.a(dsnos00684.o)
 .data          0x0041700c        0x0 c:/tdm-gcc-32/bin/../lib/gcc/mingw32/4.8.1/../../../libmsvcrt.a(dsnos00726.o)
 .data          0x0041700c        0x0 c:/tdm-gcc-32/bin/../lib/gcc/mingw32/4.8.1/../../../libmsvcrt.a(dsnos00717.o)
 .data          0x0041700c        0x0 c:/tdm-gcc-32/bin/../lib/gcc/mingw32/4.8.1/../../../libmsvcrt.a(dsnos00714.o)
 .data          0x0041700c        0x0 c:/tdm-gcc-32/bin/../lib/gcc/mingw32/4.8.1/../../../libmsvcrt.a(dsnos00715.o)
 .data          0x0041700c        0x0 c:/tdm-gcc-32/bin/../lib/gcc/mingw32/4.8.1/../../../libmsvcrt.a(dsnos00644.o)
 .data          0x0041700c        0x0 c:/tdm-gcc-32/bin/../lib/gcc/mingw32/4.8.1/../../../libmsvcrt.a(dsnos00643.o)
 .data          0x0041700c        0x0 c:/tdm-gcc-32/bin/../lib/gcc/mingw32/4.8.1/../../../libmsvcrt.a(dsnos00682.o)
 .data          0x0041700c        0x0 c:/tdm-gcc-32/bin/../lib/gcc/mingw32/4.8.1/../../../libmsvcrt.a(dsnos00618.o)
 .data          0x0041700c        0x0 c:/tdm-gcc-32/bin/../lib/gcc/mingw32/4.8.1/../../../libmsvcrt.a(dsnos00613.o)
 .data          0x0041700c        0x0 c:/tdm-gcc-32/bin/../lib/gcc/mingw32/4.8.1/../../../libmsvcrt.a(dsnos00607.o)
 .data          0x0041700c        0x0 c:/tdm-gcc-32/bin/../lib/gcc/mingw32/4.8.1/../../../libmsvcrt.a(dsnos00583.o)
 .data          0x0041700c        0x0 c:/tdm-gcc-32/bin/../lib/gcc/mingw32/4.8.1/../../../libmsvcrt.a(dsnos00633.o)
 .data          0x0041700c        0x0 c:/tdm-gcc-32/bin/../lib/gcc/mingw32/4.8.1/../../../libmsvcrt.a(dsnos00621.o)
 .data          0x0041700c        0x0 c:/tdm-gcc-32/bin/../lib/gcc/mingw32/4.8.1/../../../libmsvcrt.a(dsnos00620.o)
 .data          0x0041700c        0x0 c:/tdm-gcc-32/bin/../lib/gcc/mingw32/4.8.1/../../../libmsvcrt.a(dsnos00681.o)
 .data          0x0041700c        0x0 c:/tdm-gcc-32/bin/../lib/gcc/mingw32/4.8.1/../../../libmsvcrt.a(dsnos00698.o)
 .data          0x0041700c        0x0 c:/tdm-gcc-32/bin/../lib/gcc/mingw32/4.8.1/../../../libmsvcrt.a(dsnos00748.o)
 .data          0x0041700c        0x0 c:/tdm-gcc-32/bin/../lib/gcc/mingw32/4.8.1/../../../libmsvcrt.a(dsnos00595.o)
 .data          0x0041700c        0x0 c:/tdm-gcc-32/bin/../lib/gcc/mingw32/4.8.1/../../../libmsvcrt.a(dsnoh.o)
 .data          0x0041700c        0x0 c:/tdm-gcc-32/bin/../lib/gcc/mingw32/4.8.1/../../../libmsvcrt.a(dsnot.o)
 .data          0x0041700c       0x10 c:/tdm-gcc-32/bin/../lib/gcc/mingw32/4.8.1/../../../libpthread.a(libwinpthread_la-thread.o)
 .data          0x0041701c        0x4 c:/tdm-gcc-32/bin/../lib/gcc/mingw32/4.8.1/../../../libpthread.a(libwinpthread_la-mutex.o)
 .data          0x00417020        0x0 c:/tdm-gcc-32/bin/../lib/gcc/mingw32/4.8.1/../../../libpthread.a(libwinpthread_la-shmem.o)
 .data          0x00417020        0x0 c:/tdm-gcc-32/bin/../lib/gcc/mingw32/4.8.1/../../../libpthread.a(libwinpthread_la-spinlock.o)
 .data          0x00417020        0x0 c:/tdm-gcc-32/bin/../lib/gcc/mingw32/4.8.1/../../../libpthread.a(libwinpthread_la-rwlock.o)
 .data          0x00417020        0x0 c:/tdm-gcc-32/bin/../lib/gcc/mingw32/4.8.1/../../../libpthread.a(libwinpthread_la-misc.o)
 .data          0x00417020        0x0 c:/tdm-gcc-32/bin/../lib/gcc/mingw32/4.8.1/../../../libpthread.a(libwinpthread_la-cond.o)
 .data          0x00417020        0x0 c:/tdm-gcc-32/bin/../lib/gcc/mingw32/4.8.1/../../../libkernel32.a(dchds01140.o)
 .data          0x00417020        0x0 c:/tdm-gcc-32/bin/../lib/gcc/mingw32/4.8.1/../../../libkernel32.a(dchds00279.o)
 .data          0x00417020        0x0 c:/tdm-gcc-32/bin/../lib/gcc/mingw32/4.8.1/../../../libkernel32.a(dchds00529.o)
 .data          0x00417020        0x0 c:/tdm-gcc-32/bin/../lib/gcc/mingw32/4.8.1/../../../libkernel32.a(dchds00577.o)
 .data          0x00417020        0x0 c:/tdm-gcc-32/bin/../lib/gcc/mingw32/4.8.1/../../../libkernel32.a(dchds01215.o)
 .data          0x00417020        0x0 c:/tdm-gcc-32/bin/../lib/gcc/mingw32/4.8.1/../../../libkernel32.a(dchds01213.o)
 .data          0x00417020        0x0 c:/tdm-gcc-32/bin/../lib/gcc/mingw32/4.8.1/../../../libkernel32.a(dchds00236.o)
 .data          0x00417020        0x0 c:/tdm-gcc-32/bin/../lib/gcc/mingw32/4.8.1/../../../libkernel32.a(dchds01173.o)
 .data          0x00417020        0x0 c:/tdm-gcc-32/bin/../lib/gcc/mingw32/4.8.1/../../../libkernel32.a(dchds00510.o)
 .data          0x00417020        0x0 c:/tdm-gcc-32/bin/../lib/gcc/mingw32/4.8.1/../../../libkernel32.a(dchds00814.o)
 .data          0x00417020        0x0 c:/tdm-gcc-32/bin/../lib/gcc/mingw32/4.8.1/../../../libkernel32.a(dchds00207.o)
 .data          0x00417020        0x0 c:/tdm-gcc-32/bin/../lib/gcc/mingw32/4.8.1/../../../libkernel32.a(dchds00734.o)
 .data          0x00417020        0x0 c:/tdm-gcc-32/bin/../lib/gcc/mingw32/4.8.1/../../../libkernel32.a(dchds00363.o)
 .data          0x00417020        0x0 c:/tdm-gcc-32/bin/../lib/gcc/mingw32/4.8.1/../../../libkernel32.a(dchds00154.o)
 .data          0x00417020        0x0 c:/tdm-gcc-32/bin/../lib/gcc/mingw32/4.8.1/../../../libkernel32.a(dchds01223.o)
 .data          0x00417020        0x0 c:/tdm-gcc-32/bin/../lib/gcc/mingw32/4.8.1/../../../libkernel32.a(dchds00298.o)
 .data          0x00417020        0x0 c:/tdm-gcc-32/bin/../lib/gcc/mingw32/4.8.1/../../../libkernel32.a(dchds00003.o)
 .data          0x00417020        0x0 c:/tdm-gcc-32/bin/../lib/gcc/mingw32/4.8.1/../../../libkernel32.a(dchds00974.o)
 .data          0x00417020        0x0 c:/tdm-gcc-32/bin/../lib/gcc/mingw32/4.8.1/../../../libkernel32.a(dchds00082.o)
 .data          0x00417020        0x0 c:/tdm-gcc-32/bin/../lib/gcc/mingw32/4.8.1/../../../libkernel32.a(dchds01171.o)
 .data          0x00417020        0x0 c:/tdm-gcc-32/bin/../lib/gcc/mingw32/4.8.1/../../../libkernel32.a(dchds00451.o)
 .data          0x00417020        0x0 c:/tdm-gcc-32/bin/../lib/gcc/mingw32/4.8.1/../../../libkernel32.a(dchds00129.o)
 .data          0x00417020        0x0 c:/tdm-gcc-32/bin/../lib/gcc/mingw32/4.8.1/../../../libkernel32.a(dchds00446.o)
 .data          0x00417020        0x0 c:/tdm-gcc-32/bin/../lib/gcc/mingw32/4.8.1/../../../libkernel32.a(dchds00450.o)
 .data          0x00417020        0x0 c:/tdm-gcc-32/bin/../lib/gcc/mingw32/4.8.1/../../../libkernel32.a(dchds00230.o)
 .data          0x00417020        0x0 c:/tdm-gcc-32/bin/../lib/gcc/mingw32/4.8.1/../../../libkernel32.a(dchds00650.o)
 .data          0x00417020        0x0 c:/tdm-gcc-32/bin/../lib/gcc/mingw32/4.8.1/../../../libkernel32.a(dchds01174.o)
 .data          0x00417020        0x0 c:/tdm-gcc-32/bin/../lib/gcc/mingw32/4.8.1/../../../libkernel32.a(dchds00578.o)
 .data          0x00417020        0x0 c:/tdm-gcc-32/bin/../lib/gcc/mingw32/4.8.1/../../../libkernel32.a(dchds01102.o)
 .data          0x00417020        0x0 c:/tdm-gcc-32/bin/../lib/gcc/mingw32/4.8.1/../../../libkernel32.a(dchds01091.o)
 .data          0x00417020        0x0 c:/tdm-gcc-32/bin/../lib/gcc/mingw32/4.8.1/../../../libkernel32.a(dchds01152.o)
 .data          0x00417020        0x0 c:/tdm-gcc-32/bin/../lib/gcc/mingw32/4.8.1/../../../libkernel32.a(dchds00747.o)
 .data          0x00417020        0x0 c:/tdm-gcc-32/bin/../lib/gcc/mingw32/4.8.1/../../../libkernel32.a(dchds00743.o)
 .data          0x00417020        0x0 c:/tdm-gcc-32/bin/../lib/gcc/mingw32/4.8.1/../../../libkernel32.a(dchds00995.o)
 .data          0x00417020        0x0 c:/tdm-gcc-32/bin/../lib/gcc/mingw32/4.8.1/../../../libkernel32.a(dchds00507.o)
 .data          0x00417020        0x0 c:/tdm-gcc-32/bin/../lib/gcc/mingw32/4.8.1/../../../libkernel32.a(dchds01065.o)
 .data          0x00417020        0x0 c:/tdm-gcc-32/bin/../lib/gcc/mingw32/4.8.1/../../../libkernel32.a(dchds01160.o)
 .data          0x00417020        0x0 c:/tdm-gcc-32/bin/../lib/gcc/mingw32/4.8.1/../../../libkernel32.a(dchds00642.o)
 .data          0x00417020        0x0 c:/tdm-gcc-32/bin/../lib/gcc/mingw32/4.8.1/../../../libkernel32.a(dchds01121.o)
 .data          0x00417020        0x0 c:/tdm-gcc-32/bin/../lib/gcc/mingw32/4.8.1/../../../libkernel32.a(dchds00999.o)
 .data          0x00417020        0x0 c:/tdm-gcc-32/bin/../lib/gcc/mingw32/4.8.1/../../../libkernel32.a(dchds01129.o)
 .data          0x00417020        0x0 c:/tdm-gcc-32/bin/../lib/gcc/mingw32/4.8.1/../../../libkernel32.a(dchds00978.o)
 .data          0x00417020        0x0 c:/tdm-gcc-32/bin/../lib/gcc/mingw32/4.8.1/../../../libkernel32.a(dchds00169.o)
 .data          0x00417020        0x0 c:/tdm-gcc-32/bin/../lib/gcc/mingw32/4.8.1/../../../libkernel32.a(dchds00745.o)
 .data          0x00417020        0x0 c:/tdm-gcc-32/bin/../lib/gcc/mingw32/4.8.1/../../../libkernel32.a(dchds01221.o)
 .data          0x00417020        0x0 c:/tdm-gcc-32/bin/../lib/gcc/mingw32/4.8.1/../../../libkernel32.a(dchds01180.o)
 .data          0x00417020        0x0 c:/tdm-gcc-32/bin/../lib/gcc/mingw32/4.8.1/../../../libkernel32.a(dchdh.o)
 .data          0x00417020        0x0 c:/tdm-gcc-32/bin/../lib/gcc/mingw32/4.8.1/../../../libkernel32.a(dchdt.o)
 .data          0x00417020        0x0 c:/tdm-gcc-32/bin/../lib/gcc/mingw32/4.8.1/../../../libmsvcrt.a(dsnos00683.o)
 .data          0x00417020        0x0 c:/tdm-gcc-32/bin/../lib/gcc/mingw32/4.8.1/../../../libmsvcrt.a(dsnos00619.o)
 .data          0x00417020        0x0 c:/tdm-gcc-32/bin/../lib/gcc/mingw32/4.8.1/../../../libmsvcrt.a(dsnos00422.o)
 .data          0x00417020        0x0 c:/tdm-gcc-32/bin/../lib/gcc/mingw32/4.8.1/../../../libmsvcrt.a(dsnos00179.o)
 .data          0x00417020        0x0 c:/tdm-gcc-32/bin/../lib/gcc/mingw32/4.8.1/../../../libmsvcrt.a(dsnos00675.o)
 .data          0x00417020        0x0 c:/tdm-gcc-32/bin/../lib/gcc/mingw32/4.8.1/../../../libmsvcrt.a(dsnos00143.o)
 .data          0x00417020        0x0 c:/tdm-gcc-32/bin/../lib/gcc/mingw32/4.8.1/../../../libmsvcrt.a(dsnos00604.o)
 .data          0x00417020        0x0 c:/tdm-gcc-32/bin/../lib/gcc/mingw32/4.8.1/../../../libmsvcrt.a(dsnos00225.o)
 .data          0x00417020        0x0 c:/tdm-gcc-32/bin/../lib/gcc/mingw32/4.8.1/crtend.o
 *(.data2)
 *(SORT(.data$*))
 *(.jcr)
 .jcr           0x00417020        0x0 c:/tdm-gcc-32/bin/../lib/gcc/mingw32/4.8.1/crtbegin.o
 .jcr           0x00417020        0x4 c:/tdm-gcc-32/bin/../lib/gcc/mingw32/4.8.1/crtend.o
                0x00417024                __data_end__ = .
 *(.data_cygwin_nocopy)

.rdata          0x00418000     0x3200
 *(.rdata)
 .rdata         0x00418000       0x24 c:/tdm-gcc-32/bin/../lib/gcc/mingw32/4.8.1/crtbegin.o
 *fill*         0x00418024       0x1c 
 .rdata         0x00418040      0xbe0 ../src/utils/plc_emu/parser.o
                0x00418040                errmsg
                0x00418840                il_commands
 .rdata         0x00418c20       0x20 ../src/utils/plc_emu/plclib.o
 .rdata         0x00418c40       0x28 ../src/VirtualMachine/sim.o
 .rdata         0x00418c68       0x34 c:/tdm-gcc-32/bin/../lib/gcc/mingw32/4.8.1\libstdc++.a(eh_personality.o)
 .rdata         0x00418c9c       0x24 c:/tdm-gcc-32/bin/../lib/gcc/mingw32/4.8.1\libstdc++.a(eh_exception.o)
 .rdata         0x00418cc0       0x10 c:/tdm-gcc-32/bin/../lib/gcc/mingw32/4.8.1\libstdc++.a(eh_globals.o)
 .rdata         0x00418cd0       0x4c c:/tdm-gcc-32/bin/../lib/gcc/mingw32/4.8.1\libstdc++.a(eh_alloc.o)
 .rdata         0x00418d1c       0x3c c:/tdm-gcc-32/bin/../lib/gcc/mingw32/4.8.1\libstdc++.a(pure.o)
 .rdata         0x00418d58       0x18 c:/tdm-gcc-32/bin/../lib/gcc/mingw32/4.8.1\libstdc++.a(eh_term_handler.o)
 .rdata         0x00418d70       0x18 c:/tdm-gcc-32/bin/../lib/gcc/mingw32/4.8.1\libstdc++.a(eh_unex_handler.o)
 .rdata         0x00418d88       0x90 c:/tdm-gcc-32/bin/../lib/gcc/mingw32/4.8.1\libstdc++.a(vterminate.o)
 *fill*         0x00418e18        0x8 
 .rdata         0x00418e20     0x1780 c:/tdm-gcc-32/bin/../lib/gcc/mingw32/4.8.1\libstdc++.a(cp-demangle.o)
 .rdata         0x0041a5a0        0x4 c:/tdm-gcc-32/bin/../lib/gcc/mingw32/4.8.1/../../../libmingw32.a(tlssup.o)
                0x0041a5a0                __dyn_tls_init_callback
 .rdata         0x0041a5a4       0xac c:/tdm-gcc-32/bin/../lib/gcc/mingw32/4.8.1/../../../libmingw32.a(pseudo-reloc.o)
 .rdata         0x0041a650       0x28 c:/tdm-gcc-32/bin/../lib/gcc/mingw32/4.8.1/libgcc.a(unwind-sjlj.o)
 .rdata         0x0041a678      0x1c4 c:/tdm-gcc-32/bin/../lib/gcc/mingw32/4.8.1/../../../libpthread.a(libwinpthread_la-thread.o)
 .rdata         0x0041a83c      0x140 c:/tdm-gcc-32/bin/../lib/gcc/mingw32/4.8.1/../../../libpthread.a(libwinpthread_la-mutex.o)
 .rdata         0x0041a97c       0x10 c:/tdm-gcc-32/bin/../lib/gcc/mingw32/4.8.1/../../../libpthread.a(libwinpthread_la-shmem.o)
 .rdata         0x0041a98c       0x24 c:/tdm-gcc-32/bin/../lib/gcc/mingw32/4.8.1/../../../libpthread.a(libwinpthread_la-spinlock.o)
 .rdata         0x0041a9b0      0x134 c:/tdm-gcc-32/bin/../lib/gcc/mingw32/4.8.1/../../../libpthread.a(libwinpthread_la-rwlock.o)
 .rdata         0x0041aae4       0x54 c:/tdm-gcc-32/bin/../lib/gcc/mingw32/4.8.1/../../../libpthread.a(libwinpthread_la-cond.o)
 *(SORT(.rdata$*))
 .rdata$_ZTIN10__cxxabiv115__forced_unwindE
                0x0041ab38        0x8 c:/tdm-gcc-32/bin/../lib/gcc/mingw32/4.8.1\libstdc++.a(eh_personality.o)
                0x0041ab38                typeinfo for __cxxabiv1::__forced_unwind
 .rdata$_ZTIN10__cxxabiv117__class_type_infoE
                0x0041ab40        0xc c:/tdm-gcc-32/bin/../lib/gcc/mingw32/4.8.1\libstdc++.a(class_type_info.o)
                0x0041ab40                typeinfo for __cxxabiv1::__class_type_info
 .rdata$_ZTIN10__cxxabiv119__foreign_exceptionE
                0x0041ab4c        0x8 c:/tdm-gcc-32/bin/../lib/gcc/mingw32/4.8.1\libstdc++.a(eh_personality.o)
                0x0041ab4c                typeinfo for __cxxabiv1::__foreign_exception
 .rdata$_ZTIN10__cxxabiv120__si_class_type_infoE
                0x0041ab54        0xc c:/tdm-gcc-32/bin/../lib/gcc/mingw32/4.8.1\libstdc++.a(si_class_type_info.o)
                0x0041ab54                typeinfo for __cxxabiv1::__si_class_type_info
 .rdata$_ZTIN9__gnu_cxx24__concurrence_lock_errorE
                0x0041ab60        0xc c:/tdm-gcc-32/bin/../lib/gcc/mingw32/4.8.1\libstdc++.a(eh_alloc.o)
                0x0041ab60                typeinfo for __gnu_cxx::__concurrence_lock_error
 .rdata$_ZTIN9__gnu_cxx26__concurrence_unlock_errorE
                0x0041ab6c        0xc c:/tdm-gcc-32/bin/../lib/gcc/mingw32/4.8.1\libstdc++.a(eh_alloc.o)
                0x0041ab6c                typeinfo for __gnu_cxx::__concurrence_unlock_error
 .rdata$_ZTISt13bad_exception
                0x0041ab78        0xc c:/tdm-gcc-32/bin/../lib/gcc/mingw32/4.8.1\libstdc++.a(eh_personality.o)
                0x0041ab78                typeinfo for std::bad_exception
 .rdata$_ZTISt9exception
                0x0041ab84        0x8 c:/tdm-gcc-32/bin/../lib/gcc/mingw32/4.8.1\libstdc++.a(eh_personality.o)
                0x0041ab84                typeinfo for std::exception
 .rdata$_ZTISt9type_info
                0x0041ab8c        0x8 c:/tdm-gcc-32/bin/../lib/gcc/mingw32/4.8.1\libstdc++.a(class_type_info.o)
                0x0041ab8c                typeinfo for std::type_info
 *fill*         0x0041ab94        0xc 
 .rdata$_ZTSN10__cxxabiv115__forced_unwindE
                0x0041aba0       0x20 c:/tdm-gcc-32/bin/../lib/gcc/mingw32/4.8.1\libstdc++.a(eh_personality.o)
                0x0041aba0                typeinfo name for __cxxabiv1::__forced_unwind
 .rdata$_ZTSN10__cxxabiv117__class_type_infoE
                0x0041abc0       0x40 c:/tdm-gcc-32/bin/../lib/gcc/mingw32/4.8.1\libstdc++.a(class_type_info.o)
                0x0041abc0                typeinfo name for __cxxabiv1::__class_type_info
 .rdata$_ZTSN10__cxxabiv119__foreign_exceptionE
                0x0041ac00       0x40 c:/tdm-gcc-32/bin/../lib/gcc/mingw32/4.8.1\libstdc++.a(eh_personality.o)
                0x0041ac00                typeinfo name for __cxxabiv1::__foreign_exception
 .rdata$_ZTSN10__cxxabiv120__si_class_type_infoE
                0x0041ac40       0x40 c:/tdm-gcc-32/bin/../lib/gcc/mingw32/4.8.1\libstdc++.a(si_class_type_info.o)
                0x0041ac40                typeinfo name for __cxxabiv1::__si_class_type_info
 .rdata$_ZTSN9__gnu_cxx24__concurrence_lock_errorE
                0x0041ac80       0x40 c:/tdm-gcc-32/bin/../lib/gcc/mingw32/4.8.1\libstdc++.a(eh_alloc.o)
                0x0041ac80                typeinfo name for __gnu_cxx::__concurrence_lock_error
 .rdata$_ZTSN9__gnu_cxx26__concurrence_unlock_errorE
                0x0041acc0       0x40 c:/tdm-gcc-32/bin/../lib/gcc/mingw32/4.8.1\libstdc++.a(eh_alloc.o)
                0x0041acc0                typeinfo name for __gnu_cxx::__concurrence_unlock_error
 .rdata$_ZTSSt13bad_exception
                0x0041ad00       0x14 c:/tdm-gcc-32/bin/../lib/gcc/mingw32/4.8.1\libstdc++.a(eh_personality.o)
                0x0041ad00                typeinfo name for std::bad_exception
 .rdata$_ZTSSt9exception
                0x0041ad14       0x10 c:/tdm-gcc-32/bin/../lib/gcc/mingw32/4.8.1\libstdc++.a(eh_personality.o)
                0x0041ad14                typeinfo name for std::exception
 .rdata$_ZTSSt9type_info
                0x0041ad24       0x10 c:/tdm-gcc-32/bin/../lib/gcc/mingw32/4.8.1\libstdc++.a(class_type_info.o)
                0x0041ad24                typeinfo name for std::type_info
 *fill*         0x0041ad34        0x4 
 .rdata$_ZTVN10__cxxabiv115__forced_unwindE
                0x0041ad38       0x18 c:/tdm-gcc-32/bin/../lib/gcc/mingw32/4.8.1\libstdc++.a(eh_exception.o)
                0x0041ad38                vtable for __cxxabiv1::__forced_unwind
 *fill*         0x0041ad50       0x10 
 .rdata$_ZTVN10__cxxabiv117__class_type_infoE
                0x0041ad60       0x40 c:/tdm-gcc-32/bin/../lib/gcc/mingw32/4.8.1\libstdc++.a(class_type_info.o)
                0x0041ad60                vtable for __cxxabiv1::__class_type_info
 .rdata$_ZTVN10__cxxabiv119__foreign_exceptionE
                0x0041ada0       0x18 c:/tdm-gcc-32/bin/../lib/gcc/mingw32/4.8.1\libstdc++.a(eh_exception.o)
                0x0041ada0                vtable for __cxxabiv1::__foreign_exception
 *fill*         0x0041adb8        0x8 
 .rdata$_ZTVN10__cxxabiv120__si_class_type_infoE
                0x0041adc0       0x40 c:/tdm-gcc-32/bin/../lib/gcc/mingw32/4.8.1\libstdc++.a(si_class_type_info.o)
                0x0041adc0                vtable for __cxxabiv1::__si_class_type_info
 .rdata$_ZTVN9__gnu_cxx24__concurrence_lock_errorE
                0x0041ae00       0x18 c:/tdm-gcc-32/bin/../lib/gcc/mingw32/4.8.1\libstdc++.a(eh_alloc.o)
                0x0041ae00                vtable for __gnu_cxx::__concurrence_lock_error
 .rdata$_ZTVN9__gnu_cxx26__concurrence_unlock_errorE
                0x0041ae18       0x18 c:/tdm-gcc-32/bin/../lib/gcc/mingw32/4.8.1\libstdc++.a(eh_alloc.o)
                0x0041ae18                vtable for __gnu_cxx::__concurrence_unlock_error
 .rdata$_ZTVSt13bad_exception
                0x0041ae30       0x18 c:/tdm-gcc-32/bin/../lib/gcc/mingw32/4.8.1\libstdc++.a(eh_exception.o)
                0x0041ae30                vtable for std::bad_exception
 .rdata$_ZTVSt9exception
                0x0041ae48       0x18 c:/tdm-gcc-32/bin/../lib/gcc/mingw32/4.8.1\libstdc++.a(eh_exception.o)
                0x0041ae48                vtable for std::exception
 .rdata$_ZTVSt9type_info
                0x0041ae60       0x20 c:/tdm-gcc-32/bin/../lib/gcc/mingw32/4.8.1\libstdc++.a(tinfo.o)
                0x0041ae60                vtable for std::type_info
 .rdata$zzz     0x0041ae80       0x14 c:/tdm-gcc-32/bin/../lib/gcc/mingw32/4.8.1/crtbegin.o
 .rdata$zzz     0x0041ae94       0x14 c:/tdm-gcc-32/bin/../lib/gcc/mingw32/4.8.1/libgcc.a(__main.o)
 .rdata$zzz     0x0041aea8       0x14 c:/tdm-gcc-32/bin/../lib/gcc/mingw32/4.8.1/libgcc.a(_ctors.o)
 .rdata$zzz     0x0041aebc       0x14 ../src/utils/plc_emu/parser.o
 .rdata$zzz     0x0041aed0       0x14 ../src/utils/plc_emu/plclib.o
 .rdata$zzz     0x0041aee4       0x14 ../src/VirtualMachine/sim.o
 .rdata$zzz     0x0041aef8       0x14 c:/tdm-gcc-32/bin/../lib/gcc/mingw32/4.8.1\libstdc++.a(eh_personality.o)
 .rdata$zzz     0x0041af0c       0x14 c:/tdm-gcc-32/bin/../lib/gcc/mingw32/4.8.1\libstdc++.a(eh_exception.o)
 .rdata$zzz     0x0041af20       0x14 c:/tdm-gcc-32/bin/../lib/gcc/mingw32/4.8.1\libstdc++.a(class_type_info.o)
 .rdata$zzz     0x0041af34       0x14 c:/tdm-gcc-32/bin/../lib/gcc/mingw32/4.8.1\libstdc++.a(si_class_type_info.o)
 .rdata$zzz     0x0041af48       0x14 c:/tdm-gcc-32/bin/../lib/gcc/mingw32/4.8.1\libstdc++.a(eh_call.o)
 .rdata$zzz     0x0041af5c       0x14 c:/tdm-gcc-32/bin/../lib/gcc/mingw32/4.8.1\libstdc++.a(eh_terminate.o)
 .rdata$zzz     0x0041af70       0x14 c:/tdm-gcc-32/bin/../lib/gcc/mingw32/4.8.1\libstdc++.a(eh_catch.o)
 .rdata$zzz     0x0041af84       0x14 c:/tdm-gcc-32/bin/../lib/gcc/mingw32/4.8.1\libstdc++.a(eh_globals.o)
 .rdata$zzz     0x0041af98       0x14 c:/tdm-gcc-32/bin/../lib/gcc/mingw32/4.8.1\libstdc++.a(eh_throw.o)
 .rdata$zzz     0x0041afac       0x14 c:/tdm-gcc-32/bin/../lib/gcc/mingw32/4.8.1\libstdc++.a(eh_alloc.o)
 .rdata$zzz     0x0041afc0       0x14 c:/tdm-gcc-32/bin/../lib/gcc/mingw32/4.8.1\libstdc++.a(del_op.o)
 .rdata$zzz     0x0041afd4       0x14 c:/tdm-gcc-32/bin/../lib/gcc/mingw32/4.8.1\libstdc++.a(pure.o)
 .rdata$zzz     0x0041afe8       0x14 c:/tdm-gcc-32/bin/../lib/gcc/mingw32/4.8.1\libstdc++.a(tinfo.o)
 .rdata$zzz     0x0041affc       0x14 c:/tdm-gcc-32/bin/../lib/gcc/mingw32/4.8.1\libstdc++.a(eh_term_handler.o)
 .rdata$zzz     0x0041b010       0x14 c:/tdm-gcc-32/bin/../lib/gcc/mingw32/4.8.1\libstdc++.a(eh_unex_handler.o)
 .rdata$zzz     0x0041b024       0x14 c:/tdm-gcc-32/bin/../lib/gcc/mingw32/4.8.1\libstdc++.a(vterminate.o)
 .rdata$zzz     0x0041b038       0x14 c:/tdm-gcc-32/bin/../lib/gcc/mingw32/4.8.1\libstdc++.a(eh_type.o)
 .rdata$zzz     0x0041b04c       0x14 c:/tdm-gcc-32/bin/../lib/gcc/mingw32/4.8.1\libstdc++.a(cp-demangle.o)
 .rdata$zzz     0x0041b060       0x14 c:/tdm-gcc-32/bin/../lib/gcc/mingw32/4.8.1/libgcc.a(unwind-sjlj.o)
 .rdata$zzz     0x0041b074       0x14 c:/tdm-gcc-32/bin/../lib/gcc/mingw32/4.8.1/libgcc.a(shmem-win32.o)
 .rdata$zzz     0x0041b088       0x14 c:/tdm-gcc-32/bin/../lib/gcc/mingw32/4.8.1/crtend.o
                0x0041b09c                __rt_psrelocs_start = .
 *(.rdata_runtime_pseudo_reloc)
                0x0041b09c                __rt_psrelocs_end = .
                0x00000000                __rt_psrelocs_size = (__rt_psrelocs_end - __rt_psrelocs_start)
                0x0041b09c                ___RUNTIME_PSEUDO_RELOC_LIST_END__ = .
                0x0041b09c                __RUNTIME_PSEUDO_RELOC_LIST_END__ = .
                0x0041b09c                ___RUNTIME_PSEUDO_RELOC_LIST__ = (. - __rt_psrelocs_size)
                0x0041b09c                __RUNTIME_PSEUDO_RELOC_LIST__ = (. - __rt_psrelocs_size)

.eh_frame       0x0041c000      0x400
 *(.eh_frame*)
 .eh_frame      0x0041c000       0xb8 c:/tdm-gcc-32/bin/../lib/gcc/mingw32/4.8.1/../../../crt2.o
 .eh_frame      0x0041c0b8       0x88 c:/tdm-gcc-32/bin/../lib/gcc/mingw32/4.8.1/../../../libmingw32.a(tlssup.o)
 .eh_frame      0x0041c140       0x38 c:/tdm-gcc-32/bin/../lib/gcc/mingw32/4.8.1/../../../libmingw32.a(cpu_features.o)
 .eh_frame      0x0041c178       0x2c c:/tdm-gcc-32/bin/../lib/gcc/mingw32/4.8.1/../../../libmingw32.a(CRT_fp10.o)
 .eh_frame      0x0041c1a4       0x9c c:/tdm-gcc-32/bin/../lib/gcc/mingw32/4.8.1/../../../libmingw32.a(pseudo-reloc.o)
 .eh_frame      0x0041c240       0xf8 c:/tdm-gcc-32/bin/../lib/gcc/mingw32/4.8.1/../../../libmingw32.a(tlsthrd.o)

.pdata
 *(.pdata)

.bss            0x0041d000  0x8054c28
                0x0041d000                __bss_start__ = .
 *(.bss)
 .bss           0x0041d000        0x8 c:/tdm-gcc-32/bin/../lib/gcc/mingw32/4.8.1/../../../crt2.o
                0x0041d000                _argv
                0x0041d004                _argc
 .bss           0x0041d008        0x0 c:/tdm-gcc-32/bin/../lib/gcc/mingw32/4.8.1/crtbegin.o
 .bss           0x0041d008        0x4 c:/tdm-gcc-32/bin/../lib/gcc/mingw32/4.8.1/libgcc.a(__main.o)
 .bss           0x0041d00c        0x0 c:/tdm-gcc-32/bin/../lib/gcc/mingw32/4.8.1/libgcc.a(_ctors.o)
 .bss           0x0041d00c        0x4 ../src/utils/plc_emu/parser.o
 .bss           0x0041d010        0x0 ../src/utils/plc_emu/plclib.o
 *fill*         0x0041d010       0x10 
 .bss           0x0041d020  0x80500c0 ../src/VirtualMachine/sim.o
                0x0041d020                plc
                0x0041d054                Use_comedi
                0x0041d058                Step
                0x0041d05c                Sigenable
                0x0041d060                Pagelen
                0x0041d064                Pagewidth
                0x0041d068                Nt
                0x0041d06c                Ns
                0x0041d070                Nm
                0x0041d074                Di
                0x0041d078                Dq
                0x0041d07c                Base
                0x0041d080                Wr_offs
                0x0041d084                Rd_offs
                0x0041d088                Comedi_file
                0x0041d08c                Comedi_subdev_i
                0x0041d090                Comedi_subdev_q
                0x0041d0a0                Lines
                0x0441d0a0                Lineno
                0x0441d0c0                Pos
                0x0445d0c0                Val
                0x0446d0c0                Labels
                0x0846d0c0                Command
                0x0846d0c1                Response
                0x0846d0c4                Stack
 .bss           0x0846d0e0        0x0 c:/tdm-gcc-32/bin/../lib/gcc/mingw32/4.8.1\libstdc++.a(eh_personality.o)
 .bss           0x0846d0e0        0x0 c:/tdm-gcc-32/bin/../lib/gcc/mingw32/4.8.1\libstdc++.a(eh_exception.o)
 .bss           0x0846d0e0        0x0 c:/tdm-gcc-32/bin/../lib/gcc/mingw32/4.8.1\libstdc++.a(class_type_info.o)
 .bss           0x0846d0e0        0x0 c:/tdm-gcc-32/bin/../lib/gcc/mingw32/4.8.1\libstdc++.a(si_class_type_info.o)
 .bss           0x0846d0e0        0x0 c:/tdm-gcc-32/bin/../lib/gcc/mingw32/4.8.1\libstdc++.a(eh_call.o)
 .bss           0x0846d0e0        0x0 c:/tdm-gcc-32/bin/../lib/gcc/mingw32/4.8.1\libstdc++.a(eh_terminate.o)
 .bss           0x0846d0e0        0x0 c:/tdm-gcc-32/bin/../lib/gcc/mingw32/4.8.1\libstdc++.a(eh_catch.o)
 .bss           0x0846d0e0        0x8 c:/tdm-gcc-32/bin/../lib/gcc/mingw32/4.8.1\libstdc++.a(eh_globals.o)
                0x0846d0e0                __shmem_ptr_init
                0x0846d0e4                __shmem_ptr_eh_globals
 .bss           0x0846d0e8        0x0 c:/tdm-gcc-32/bin/../lib/gcc/mingw32/4.8.1\libstdc++.a(eh_throw.o)
 *fill*         0x0846d0e8       0x18 
 .bss           0x0846d100     0x4a40 c:/tdm-gcc-32/bin/../lib/gcc/mingw32/4.8.1\libstdc++.a(eh_alloc.o)
 .bss           0x08471b40        0x0 c:/tdm-gcc-32/bin/../lib/gcc/mingw32/4.8.1\libstdc++.a(del_op.o)
 .bss           0x08471b40        0x0 c:/tdm-gcc-32/bin/../lib/gcc/mingw32/4.8.1\libstdc++.a(pure.o)
 .bss           0x08471b40        0x0 c:/tdm-gcc-32/bin/../lib/gcc/mingw32/4.8.1\libstdc++.a(tinfo.o)
 .bss           0x08471b40        0x4 c:/tdm-gcc-32/bin/../lib/gcc/mingw32/4.8.1\libstdc++.a(eh_term_handler.o)
                0x08471b40                __cxxabiv1::__shmem_ptr___terminate_handler_sh
 .bss           0x08471b44        0x4 c:/tdm-gcc-32/bin/../lib/gcc/mingw32/4.8.1\libstdc++.a(eh_unex_handler.o)
                0x08471b44                __cxxabiv1::__shmem_ptr___unexpected_handler_sh
 .bss           0x08471b48        0x4 c:/tdm-gcc-32/bin/../lib/gcc/mingw32/4.8.1\libstdc++.a(vterminate.o)
 .bss           0x08471b4c        0x0 c:/tdm-gcc-32/bin/../lib/gcc/mingw32/4.8.1\libstdc++.a(eh_type.o)
 .bss           0x08471b4c        0x0 c:/tdm-gcc-32/bin/../lib/gcc/mingw32/4.8.1\libstdc++.a(cp-demangle.o)
 .bss           0x08471b4c       0x10 c:/tdm-gcc-32/bin/../lib/gcc/mingw32/4.8.1/../../../libmingw32.a(tlssup.o)
                0x08471b4c                mingw_initltssuo_force
                0x08471b50                mingw_initltsdyn_force
                0x08471b54                mingw_initltsdrot_force
                0x08471b58                _tls_index
 .bss           0x08471b5c        0x0 c:/tdm-gcc-32/bin/../lib/gcc/mingw32/4.8.1/../../../libmingw32.a(CRTglob.o)
 .bss           0x08471b5c        0x4 c:/tdm-gcc-32/bin/../lib/gcc/mingw32/4.8.1/../../../libmingw32.a(CRTfmode.o)
                0x08471b5c                _CRT_fmode
 .bss           0x08471b60        0x0 c:/tdm-gcc-32/bin/../lib/gcc/mingw32/4.8.1/../../../libmingw32.a(txtmode.o)
 .bss           0x08471b60        0x4 c:/tdm-gcc-32/bin/../lib/gcc/mingw32/4.8.1/../../../libmingw32.a(cpu_features.o)
                0x08471b60                __cpu_features
 .bss           0x08471b64        0x0 c:/tdm-gcc-32/bin/../lib/gcc/mingw32/4.8.1/../../../libmingw32.a(CRT_fp10.o)
 .bss           0x08471b64        0x4 c:/tdm-gcc-32/bin/../lib/gcc/mingw32/4.8.1/../../../libmingw32.a(pseudo-reloc.o)
 .bss           0x08471b68        0x4 c:/tdm-gcc-32/bin/../lib/gcc/mingw32/4.8.1/../../../libmingw32.a(crtst.o)
                0x08471b68                _CRT_MT
 .bss           0x08471b6c       0x20 c:/tdm-gcc-32/bin/../lib/gcc/mingw32/4.8.1/../../../libmingw32.a(tlsthrd.o)
 .bss           0x08471b8c        0x4 c:/tdm-gcc-32/bin/../lib/gcc/mingw32/4.8.1/../../../libmingw32.a(pseudo-reloc-list.o)
 .bss           0x08471b90        0x0 c:/tdm-gcc-32/bin/../lib/gcc/mingw32/4.8.1/libgcc.a(_chkstk_ms.o)
 .bss           0x08471b90       0x10 c:/tdm-gcc-32/bin/../lib/gcc/mingw32/4.8.1/libgcc.a(unwind-sjlj.o)
                0x08471b90                __shmem_ptr_sjlj_once
                0x08471b94                __shmem_ptr_use_fc_key
                0x08471b98                __shmem_ptr_fc_key
                0x08471b9c                __shmem_ptr_fc_static
 .bss           0x08471ba0        0x0 c:/tdm-gcc-32/bin/../lib/gcc/mingw32/4.8.1/libgcc.a(shmem-win32.o)
 .bss           0x08471ba0        0x0 c:/tdm-gcc-32/bin/../lib/gcc/mingw32/4.8.1/../../../libmoldname.a(dofms00109.o)
 .bss           0x08471ba0        0x0 c:/tdm-gcc-32/bin/../lib/gcc/mingw32/4.8.1/../../../libmoldname.a(dofmh.o)
 .bss           0x08471ba0        0x0 c:/tdm-gcc-32/bin/../lib/gcc/mingw32/4.8.1/../../../libmoldname.a(dofmt.o)
 .bss           0x08471ba0        0x0 c:/tdm-gcc-32/bin/../lib/gcc/mingw32/4.8.1/../../../libmsvcrt.a(dsnos00266.o)
 .bss           0x08471ba0        0x0 c:/tdm-gcc-32/bin/../lib/gcc/mingw32/4.8.1/../../../libmsvcrt.a(dsnos00099.o)
 .bss           0x08471ba0        0x0 c:/tdm-gcc-32/bin/../lib/gcc/mingw32/4.8.1/../../../libmsvcrt.a(dsnos00590.o)
 .bss           0x08471ba0        0x0 c:/tdm-gcc-32/bin/../lib/gcc/mingw32/4.8.1/../../../libmsvcrt.a(dsnos00383.o)
 .bss           0x08471ba0        0x0 c:/tdm-gcc-32/bin/../lib/gcc/mingw32/4.8.1/../../../libmsvcrt.a(dsnos00055.o)
 .bss           0x08471ba0        0x0 c:/tdm-gcc-32/bin/../lib/gcc/mingw32/4.8.1/../../../libmsvcrt.a(dsnos00426.o)
 .bss           0x08471ba0        0x0 c:/tdm-gcc-32/bin/../lib/gcc/mingw32/4.8.1/../../../libmsvcrt.a(dsnos00079.o)
 .bss           0x08471ba0        0x0 c:/tdm-gcc-32/bin/../lib/gcc/mingw32/4.8.1/../../../libmsvcrt.a(dsnos00077.o)
 .bss           0x08471ba0        0x0 c:/tdm-gcc-32/bin/../lib/gcc/mingw32/4.8.1/../../../libmsvcrt.a(dsnos00147.o)
 .bss           0x08471ba0        0x0 c:/tdm-gcc-32/bin/../lib/gcc/mingw32/4.8.1/../../../libmsvcrt.a(dsnos00706.o)
 .bss           0x08471ba0        0x0 c:/tdm-gcc-32/bin/../lib/gcc/mingw32/4.8.1/../../../libmsvcrt.a(dsnos00721.o)
 .bss           0x08471ba0        0x0 c:/tdm-gcc-32/bin/../lib/gcc/mingw32/4.8.1/../../../libmsvcrt.a(dsnos00689.o)
 .bss           0x08471ba0        0x0 c:/tdm-gcc-32/bin/../lib/gcc/mingw32/4.8.1/../../../libmsvcrt.a(dsnos00709.o)
 .bss           0x08471ba0        0x0 c:/tdm-gcc-32/bin/../lib/gcc/mingw32/4.8.1/../../../libmsvcrt.a(dsnos00692.o)
 .bss           0x08471ba0        0x0 c:/tdm-gcc-32/bin/../lib/gcc/mingw32/4.8.1/../../../libmsvcrt.a(dsnos00676.o)
 .bss           0x08471ba0        0x0 c:/tdm-gcc-32/bin/../lib/gcc/mingw32/4.8.1/../../../libmsvcrt.a(dsnos00625.o)
 .bss           0x08471ba0        0x0 c:/tdm-gcc-32/bin/../lib/gcc/mingw32/4.8.1/../../../libmsvcrt.a(dsnos00684.o)
 .bss           0x08471ba0        0x0 c:/tdm-gcc-32/bin/../lib/gcc/mingw32/4.8.1/../../../libmsvcrt.a(dsnos00726.o)
 .bss           0x08471ba0        0x0 c:/tdm-gcc-32/bin/../lib/gcc/mingw32/4.8.1/../../../libmsvcrt.a(dsnos00717.o)
 .bss           0x08471ba0        0x0 c:/tdm-gcc-32/bin/../lib/gcc/mingw32/4.8.1/../../../libmsvcrt.a(dsnos00714.o)
 .bss           0x08471ba0        0x0 c:/tdm-gcc-32/bin/../lib/gcc/mingw32/4.8.1/../../../libmsvcrt.a(dsnos00715.o)
 .bss           0x08471ba0        0x0 c:/tdm-gcc-32/bin/../lib/gcc/mingw32/4.8.1/../../../libmsvcrt.a(dsnos00644.o)
 .bss           0x08471ba0        0x0 c:/tdm-gcc-32/bin/../lib/gcc/mingw32/4.8.1/../../../libmsvcrt.a(dsnos00643.o)
 .bss           0x08471ba0        0x0 c:/tdm-gcc-32/bin/../lib/gcc/mingw32/4.8.1/../../../libmsvcrt.a(dsnos00682.o)
 .bss           0x08471ba0        0x0 c:/tdm-gcc-32/bin/../lib/gcc/mingw32/4.8.1/../../../libmsvcrt.a(dsnos00618.o)
 .bss           0x08471ba0        0x0 c:/tdm-gcc-32/bin/../lib/gcc/mingw32/4.8.1/../../../libmsvcrt.a(dsnos00613.o)
 .bss           0x08471ba0        0x0 c:/tdm-gcc-32/bin/../lib/gcc/mingw32/4.8.1/../../../libmsvcrt.a(dsnos00607.o)
 .bss           0x08471ba0        0x0 c:/tdm-gcc-32/bin/../lib/gcc/mingw32/4.8.1/../../../libmsvcrt.a(dsnos00583.o)
 .bss           0x08471ba0        0x0 c:/tdm-gcc-32/bin/../lib/gcc/mingw32/4.8.1/../../../libmsvcrt.a(dsnos00633.o)
 .bss           0x08471ba0        0x0 c:/tdm-gcc-32/bin/../lib/gcc/mingw32/4.8.1/../../../libmsvcrt.a(dsnos00621.o)
 .bss           0x08471ba0        0x0 c:/tdm-gcc-32/bin/../lib/gcc/mingw32/4.8.1/../../../libmsvcrt.a(dsnos00620.o)
 .bss           0x08471ba0        0x0 c:/tdm-gcc-32/bin/../lib/gcc/mingw32/4.8.1/../../../libmsvcrt.a(dsnos00681.o)
 .bss           0x08471ba0        0x0 c:/tdm-gcc-32/bin/../lib/gcc/mingw32/4.8.1/../../../libmsvcrt.a(dsnos00698.o)
 .bss           0x08471ba0        0x0 c:/tdm-gcc-32/bin/../lib/gcc/mingw32/4.8.1/../../../libmsvcrt.a(dsnos00748.o)
 .bss           0x08471ba0        0x0 c:/tdm-gcc-32/bin/../lib/gcc/mingw32/4.8.1/../../../libmsvcrt.a(dsnos00595.o)
 .bss           0x08471ba0        0x0 c:/tdm-gcc-32/bin/../lib/gcc/mingw32/4.8.1/../../../libmsvcrt.a(dsnoh.o)
 .bss           0x08471ba0        0x0 c:/tdm-gcc-32/bin/../lib/gcc/mingw32/4.8.1/../../../libmsvcrt.a(dsnot.o)
 .bss           0x08471ba0       0x4c c:/tdm-gcc-32/bin/../lib/gcc/mingw32/4.8.1/../../../libpthread.a(libwinpthread_la-thread.o)
                0x08471ba0                __shmem_winpthreads_ptr_dummy_concurrency_level_shmem
                0x08471ba4                __shmem_winpthreads_ptr_once_global_shmem
                0x08471ba8                __shmem_winpthreads_ptr_once_obj_shmem
                0x08471bac                __shmem_winpthreads_ptr_idListNextId_shmem
                0x08471bb0                __shmem_winpthreads_ptr_idListMax_shmem
                0x08471bb4                __shmem_winpthreads_ptr_idListCnt_shmem
                0x08471bb8                __shmem_winpthreads_ptr_idList_shmem
                0x08471bbc                __shmem_winpthreads_ptr_mtx_pthr_locked_shmem
                0x08471bc0                __shmem_winpthreads_ptr_pthr_last_shmem
                0x08471bc4                __shmem_winpthreads_ptr_pthr_root_shmem
                0x08471bc8                __shmem_winpthreads_ptr__pthread_key_sch_shmem
                0x08471bcc                __shmem_winpthreads_ptr__pthread_key_max_shmem
                0x08471bd0                __shmem_winpthreads_ptr__pthread_key_lock_shmem
                0x08471bd4                __shmem_winpthreads_ptr__pthread_tls_shmem
                0x08471bd8                __shmem_winpthreads_ptr__pthread_tls_once_shmem
                0x08471bdc                __shmem_winpthreads_ptr__pthread_concur_shmem
                0x08471be0                __shmem_winpthreads_ptr__pthread_cancelling_shmem
                0x08471be4                __shmem_winpthreads_ptr__pthread_key_dest_shmem
 .bss           0x08471bec       0x10 c:/tdm-gcc-32/bin/../lib/gcc/mingw32/4.8.1/../../../libpthread.a(libwinpthread_la-mutex.o)
                0x08471bec                __shmem_winpthreads_ptr_mxattr_errorcheck_shmem
                0x08471bf0                __shmem_winpthreads_ptr_mxattr_recursive_shmem
                0x08471bf4                __shmem_winpthreads_ptr_mutex_global_static_shmem
                0x08471bf8                __shmem_winpthreads_ptr_mutex_global_shmem
 .bss           0x08471bfc        0x0 c:/tdm-gcc-32/bin/../lib/gcc/mingw32/4.8.1/../../../libpthread.a(libwinpthread_la-shmem.o)
 .bss           0x08471bfc        0x4 c:/tdm-gcc-32/bin/../lib/gcc/mingw32/4.8.1/../../../libpthread.a(libwinpthread_la-spinlock.o)
                0x08471bfc                __shmem_winpthreads_ptr_spin_locked_shmem
 .bss           0x08471c00        0xc c:/tdm-gcc-32/bin/../lib/gcc/mingw32/4.8.1/../../../libpthread.a(libwinpthread_la-rwlock.o)
                0x08471c00                __shmem_winpthreads_ptr_cond_locked_shmem_rwlock
                0x08471c04                __shmem_winpthreads_ptr_rwl_global_shmem
 .bss           0x08471c0c        0x0 c:/tdm-gcc-32/bin/../lib/gcc/mingw32/4.8.1/../../../libpthread.a(libwinpthread_la-misc.o)
 .bss           0x08471c0c        0xc c:/tdm-gcc-32/bin/../lib/gcc/mingw32/4.8.1/../../../libpthread.a(libwinpthread_la-cond.o)
                0x08471c0c                __shmem_winpthreads_ptr_cond_locked_shmem_cond
 .bss           0x08471c18        0x0 c:/tdm-gcc-32/bin/../lib/gcc/mingw32/4.8.1/../../../libkernel32.a(dchds01140.o)
 .bss           0x08471c18        0x0 c:/tdm-gcc-32/bin/../lib/gcc/mingw32/4.8.1/../../../libkernel32.a(dchds00279.o)
 .bss           0x08471c18        0x0 c:/tdm-gcc-32/bin/../lib/gcc/mingw32/4.8.1/../../../libkernel32.a(dchds00529.o)
 .bss           0x08471c18        0x0 c:/tdm-gcc-32/bin/../lib/gcc/mingw32/4.8.1/../../../libkernel32.a(dchds00577.o)
 .bss           0x08471c18        0x0 c:/tdm-gcc-32/bin/../lib/gcc/mingw32/4.8.1/../../../libkernel32.a(dchds01215.o)
 .bss           0x08471c18        0x0 c:/tdm-gcc-32/bin/../lib/gcc/mingw32/4.8.1/../../../libkernel32.a(dchds01213.o)
 .bss           0x08471c18        0x0 c:/tdm-gcc-32/bin/../lib/gcc/mingw32/4.8.1/../../../libkernel32.a(dchds00236.o)
 .bss           0x08471c18        0x0 c:/tdm-gcc-32/bin/../lib/gcc/mingw32/4.8.1/../../../libkernel32.a(dchds01173.o)
 .bss           0x08471c18        0x0 c:/tdm-gcc-32/bin/../lib/gcc/mingw32/4.8.1/../../../libkernel32.a(dchds00510.o)
 .bss           0x08471c18        0x0 c:/tdm-gcc-32/bin/../lib/gcc/mingw32/4.8.1/../../../libkernel32.a(dchds00814.o)
 .bss           0x08471c18        0x0 c:/tdm-gcc-32/bin/../lib/gcc/mingw32/4.8.1/../../../libkernel32.a(dchds00207.o)
 .bss           0x08471c18        0x0 c:/tdm-gcc-32/bin/../lib/gcc/mingw32/4.8.1/../../../libkernel32.a(dchds00734.o)